Copyright 1986-2022 Xilinx, Inc. All Rights Reserved. Copyright 2022-2026 Advanced Micro Devices, Inc. All Rights Reserved.
---------------------------------------------------------------------------------------------------------------------------------------------
| Tool Version : Vivado v.2026.1 (win64) Build 6511674 Tue Jun 16 11:02:23 MDT 2026
| Date         : Sun Oct  4 10:11:21 2026
| Host         : LAPTOP-E4LD1OHV running 64-bit major release  (build 9200)
| Command      : report_control_sets -verbose -file bnn_top_control_sets_placed.rpt
| Design       : bnn_top
| Device       : xc7s25
---------------------------------------------------------------------------------------------------------------------------------------------

Control Set Information

Table of Contents
-----------------
1. Summary
2. Histogram
3. Flip-Flop Distribution
4. Detailed Control Set Information

1. Summary
----------

+----------------------------------------------------------+-------+
|                          Status                          | Count |
+----------------------------------------------------------+-------+
| Total control sets                                       |    14 |
|    Minimum number of control sets                        |    14 |
|    Addition due to synthesis replication                 |     0 |
|    Addition due to physical synthesis replication        |     0 |
| Unused register locations in slices containing registers |    51 |
+----------------------------------------------------------+-------+
* Control sets can be merged at opt_design using control_set_merge or merge_equivalent_drivers
** Run report_qor_suggestions for automated merging and remapping suggestions


2. Histogram
------------

+--------------------+-------+
|       Fanout       | Count |
+--------------------+-------+
| Total control sets |    14 |
| >= 0 to < 4        |     2 |
| >= 4 to < 6        |     2 |
| >= 6 to < 8        |     0 |
| >= 8 to < 10       |     5 |
| >= 10 to < 12      |     1 |
| >= 12 to < 14      |     1 |
| >= 14 to < 16      |     0 |
| >= 16              |     3 |
+--------------------+-------+
* Control sets can be remapped at either synth_design or opt_design


3. Flip-Flop Distribution
-------------------------

+--------------+-----------------------+------------------------+-----------------+--------------+
| Clock Enable | Synchronous Set/Reset | Asynchronous Set/Reset | Total Registers | Total Slices |
+--------------+-----------------------+------------------------+-----------------+--------------+
| No           | No                    | No                     |             671 |          215 |
| No           | No                    | Yes                    |               0 |            0 |
| No           | Yes                   | No                     |               9 |            5 |
| Yes          | No                    | No                     |             525 |          112 |
| Yes          | No                    | Yes                    |               0 |            0 |
| Yes          | Yes                   | No                     |              56 |           23 |
+--------------+-----------------------+------------------------+-----------------+--------------+


4. Detailed Control Set Information
-----------------------------------

+----------------+-------------------------------------------------+---------------------------------+------------------+----------------+--------------+
|  Clock Signal  |                  Enable Signal                  |         Set/Reset Signal        | Slice Load Count | Bel Load Count | Bels / Slice |
+----------------+-------------------------------------------------+---------------------------------+------------------+----------------+--------------+
|  clk_IBUF_BUFG | L3/CEC                                          | reset                           |                1 |              2 |         2.00 |
|  clk_IBUF_BUFG | L2/CEC                                          | reset                           |                1 |              2 |         2.00 |
|  clk_IBUF_BUFG | L1/CEC                                          | reset                           |                1 |              4 |         4.00 |
|  clk_IBUF_BUFG | L3/CEA2                                         | reset                           |                2 |              4 |         2.00 |
|  clk_IBUF_BUFG | L1/CEA2                                         | reset                           |                5 |              8 |         1.60 |
|  clk_IBUF_BUFG | L2/CEA2                                         | reset                           |                4 |              8 |         2.00 |
|  clk_IBUF_BUFG |                                                 | reset                           |                5 |              9 |         1.80 |
|  clk_IBUF_BUFG | L3/enable_delay                                 | L3/neuron_n/count[8]_i_1__0_n_0 |                3 |              9 |         3.00 |
|  clk_IBUF_BUFG | L2/enable_delay                                 | L2/neuron_n/count[8]_i_1_n_0    |                3 |              9 |         3.00 |
|  clk_IBUF_BUFG | L1/enable_delay                                 | L1/neuron_n/count[9]_i_1_n_0    |                3 |             10 |         3.33 |
|  clk_IBUF_BUFG | L3/neuron_n/FSM_sequential_current_state_reg[0] |                                 |                3 |             13 |         4.33 |
|  clk_IBUF_BUFG | L3/input_reg[255]_i_1__0_n_0                    |                                 |               55 |            256 |         4.65 |
|  clk_IBUF_BUFG | L2/input_reg[255]_i_1_n_0                       |                                 |               54 |            256 |         4.74 |
|  clk_IBUF_BUFG |                                                 |                                 |              215 |            671 |         3.12 |
+----------------+-------------------------------------------------+---------------------------------+------------------+----------------+--------------+


