Copyright 1986-2022 Xilinx, Inc. All Rights Reserved. Copyright 2022-2026 Advanced Micro Devices, Inc. All Rights Reserved.
----------------------------------------------------------------------------------------------------------------------------------------------------------------------------------
| Tool Version     : Vivado v.2026.1 (win64) Build 6511674 Tue Jun 16 11:02:23 MDT 2026
| Date             : Sun Oct  4 19:57:06 2026
| Host             : LAPTOP-E4LD1OHV running 64-bit major release  (build 9200)
| Command          : report_power -file driverSystem_wrapper_power_routed.rpt -pb driverSystem_wrapper_power_summary_routed.pb -rpx driverSystem_wrapper_power_routed.rpx
| Design           : driverSystem_wrapper
| Device           : xc7s25csga324-1
| Design State     : routed
| Grade            : commercial
| Process          : typical
| Characterization : Production
----------------------------------------------------------------------------------------------------------------------------------------------------------------------------------

Power Report

Table of Contents
-----------------
1. Summary
1.1 On-Chip Components
1.2 Power Supply Summary
1.3 Confidence Level
2. Settings
2.1 Environment
2.2 Clock Constraints
3. Detailed Reports
3.1 By Hierarchy

1. Summary
----------

+--------------------------+--------------+
| Total On-Chip Power (W)  | 0.223        |
| Design Power Budget (W)  | Unspecified* |
| Power Budget Margin (W)  | NA           |
| Dynamic (W)              | 0.160        |
| Device Static (W)        | 0.063        |
| Effective TJA (C/W)      | 5.3          |
| Max Ambient (C)          | 83.8         |
| Junction Temperature (C) | 26.2         |
| Confidence Level         | Low          |
| Setting File             | ---          |
| Simulation Activity File | ---          |
| Design Nets Matched      | NA           |
+--------------------------+--------------+
* Specify Design Power Budget using, set_operating_conditions -design_power_budget <value in Watts>


1.1 On-Chip Components
----------------------

+--------------------------+-----------+----------+-----------+-----------------+
| On-Chip                  | Power (W) | Used     | Available | Utilization (%) |
+--------------------------+-----------+----------+-----------+-----------------+
| Clocks                   |     0.016 |       10 |       --- |             --- |
| Slice Logic              |     0.011 |     9958 |       --- |             --- |
|   LUT as Logic           |     0.010 |     3581 |     14600 |           24.53 |
|   LUT as Distributed RAM |    <0.001 |       76 |      5000 |            1.52 |
|   Register               |    <0.001 |     4814 |     29200 |           16.49 |
|   CARRY4                 |    <0.001 |       59 |      3650 |            1.62 |
|   F7/F8 Muxes            |    <0.001 |      174 |     14600 |            1.19 |
|   LUT as Shift Register  |    <0.001 |       74 |      5000 |            1.48 |
|   Others                 |    <0.001 |      568 |       --- |             --- |
| Signals                  |     0.015 |     7588 |       --- |             --- |
| Block RAM                |     0.009 |       28 |        45 |           62.22 |
| MMCM                     |     0.104 |        1 |         3 |           33.33 |
| I/O                      |     0.004 |       12 |       150 |            8.00 |
| Static Power             |     0.063 |          |           |                 |
| Total                    |     0.223 |          |           |                 |
+--------------------------+-----------+----------+-----------+-----------------+


1.2 Power Supply Summary
------------------------

+-----------+-------------+-----------+-------------+------------+-------------+-------------+------------+
| Source    | Voltage (V) | Total (A) | Dynamic (A) | Static (A) | Powerup (A) | Budget (A)  | Margin (A) |
+-----------+-------------+-----------+-------------+------------+-------------+-------------+------------+
| Vccint    |       1.000 |     0.057 |       0.051 |      0.006 |       NA    | Unspecified | NA         |
| Vccaux    |       1.800 |     0.067 |       0.058 |      0.009 |       NA    | Unspecified | NA         |
| Vcco33    |       3.300 |     0.002 |       0.001 |      0.001 |       NA    | Unspecified | NA         |
| Vcco25    |       2.500 |     0.000 |       0.000 |      0.000 |       NA    | Unspecified | NA         |
| Vcco18    |       1.800 |     0.000 |       0.000 |      0.000 |       NA    | Unspecified | NA         |
| Vcco15    |       1.500 |     0.000 |       0.000 |      0.000 |       NA    | Unspecified | NA         |
| Vcco135   |       1.350 |     0.000 |       0.000 |      0.000 |       NA    | Unspecified | NA         |
| Vcco12    |       1.200 |     0.000 |       0.000 |      0.000 |       NA    | Unspecified | NA         |
| Vccaux_io |       1.800 |     0.000 |       0.000 |      0.000 |       NA    | Unspecified | NA         |
| Vccbram   |       1.000 |     0.002 |       0.001 |      0.001 |       NA    | Unspecified | NA         |
| Vccadc    |       1.800 |     0.020 |       0.000 |      0.020 |       NA    | Unspecified | NA         |
+-----------+-------------+-----------+-------------+------------+-------------+-------------+------------+


1.3 Confidence Level
--------------------

+-----------------------------+------------+--------------------------------------------------------+------------------------------------------------------------------------------------------------------------+
| User Input Data             | Confidence | Details                                                | Action                                                                                                     |
+-----------------------------+------------+--------------------------------------------------------+------------------------------------------------------------------------------------------------------------+
| Design implementation state | High       | Design is routed                                       |                                                                                                            |
| Clock nodes activity        | High       | User specified more than 95% of clocks                 |                                                                                                            |
| I/O nodes activity          | Low        | More than 75% of inputs are missing user specification | Provide missing input activity with simulation results or by editing the "By Resource Type -> I/Os" view   |
| Internal nodes activity     | Medium     | User specified less than 25% of internal nodes         | Provide missing internal nodes activity with simulation results or by editing the "By Resource Type" views |
| Device models               | High       | Device models are Production                           |                                                                                                            |
|                             |            |                                                        |                                                                                                            |
| Overall confidence level    | Low        |                                                        |                                                                                                            |
+-----------------------------+------------+--------------------------------------------------------+------------------------------------------------------------------------------------------------------------+


2. Settings
-----------

2.1 Environment
---------------

+-----------------------+--------------------------+
| Ambient Temp (C)      | 25.0                     |
| ThetaJA (C/W)         | 5.3                      |
| Airflow (LFM)         | 250                      |
| Heat Sink             | medium (Medium Profile)  |
| ThetaSA (C/W)         | 4.6                      |
| Board Selection       | medium (10"x10")         |
| # of Board Layers     | 12to15 (12 to 15 Layers) |
| Board Temperature (C) | 25.0                     |
+-----------------------+--------------------------+


2.2 Clock Constraints
---------------------

+----------------------------------------------------------------+-----------------------------------------------------------------+-----------------+
| Clock                                                          | Domain                                                          | Constraint (ns) |
+----------------------------------------------------------------+-----------------------------------------------------------------+-----------------+
| clk_out1_driverSystem_clk_wiz_1_0                              | driverSystem_i/clk_wiz_1/inst/clk_out1_driverSystem_clk_wiz_1_0 |            10.0 |
| clk_out1_driverSystem_clk_wiz_1_0_1                            | driverSystem_i/clk_wiz_1/inst/clk_out1_driverSystem_clk_wiz_1_0 |            10.0 |
| clkfbout_driverSystem_clk_wiz_1_0                              | driverSystem_i/clk_wiz_1/inst/clkfbout_driverSystem_clk_wiz_1_0 |            83.3 |
| clkfbout_driverSystem_clk_wiz_1_0_1                            | driverSystem_i/clk_wiz_1/inst/clkfbout_driverSystem_clk_wiz_1_0 |            83.3 |
| driverSystem_i/mdm_1/U0/Use_E2.BSCAN_I/Use_E2.BSCANE2_I/DRCK   | driverSystem_i/mdm_1/U0/Use_E2.BSCAN_I/DRCK                     |            33.3 |
| driverSystem_i/mdm_1/U0/Use_E2.BSCAN_I/Use_E2.BSCANE2_I/UPDATE | driverSystem_i/mdm_1/U0/Use_E2.BSCAN_I/Dbg_Update_0             |            33.3 |
| sys_clk_pin                                                    | sys_clock                                                       |            83.3 |
| sys_clock                                                      | sys_clock                                                       |            83.3 |
+----------------------------------------------------------------+-----------------------------------------------------------------+-----------------+


3. Detailed Reports
-------------------

3.1 By Hierarchy
----------------

+-------------------------------+-----------+
| Name                          | Power (W) |
+-------------------------------+-----------+
| driverSystem_wrapper          |     0.160 |
|   driverSystem_i              |     0.156 |
|     axi_quad_spi_0            |     0.004 |
|       U0                      |     0.004 |
|     bnn_axi_0                 |     0.029 |
|       inst                    |     0.029 |
|     clk_wiz_1                 |     0.104 |
|       inst                    |     0.104 |
|     microblaze_0              |     0.012 |
|       U0                      |     0.012 |
|     microblaze_0_local_memory |     0.004 |
|       lmb_bram                |     0.004 |
+-------------------------------+-----------+


