Copyright 1986-2022 Xilinx, Inc. All Rights Reserved. Copyright 2022-2026 Advanced Micro Devices, Inc. All Rights Reserved.
---------------------------------------------------------------------------------------------------------------------------------------------
| Tool Version : Vivado v.2026.1 (win64) Build 6511674 Tue Jun 16 11:02:23 MDT 2026
| Date         : Sun Oct  4 19:56:13 2026
| Host         : LAPTOP-E4LD1OHV running 64-bit major release  (build 9200)
| Command      : report_control_sets -verbose -file driverSystem_wrapper_control_sets_placed.rpt
| Design       : driverSystem_wrapper
| Device       : xc7s25
---------------------------------------------------------------------------------------------------------------------------------------------

Control Set Information

Table of Contents
-----------------
1. Summary
2. Histogram
3. Flip-Flop Distribution
4. Detailed Control Set Information

1. Summary
----------

+----------------------------------------------------------+-------+
|                          Status                          | Count |
+----------------------------------------------------------+-------+
| Total control sets                                       |   142 |
|    Minimum number of control sets                        |   142 |
|    Addition due to synthesis replication                 |     0 |
|    Addition due to physical synthesis replication        |     0 |
| Unused register locations in slices containing registers |   330 |
+----------------------------------------------------------+-------+
* Control sets can be merged at opt_design using control_set_merge or merge_equivalent_drivers
** Run report_qor_suggestions for automated merging and remapping suggestions


2. Histogram
------------

+--------------------+-------+
|       Fanout       | Count |
+--------------------+-------+
| Total control sets |   142 |
| >= 0 to < 4        |    13 |
| >= 4 to < 6        |    25 |
| >= 6 to < 8        |    10 |
| >= 8 to < 10       |    25 |
| >= 10 to < 12      |     3 |
| >= 12 to < 14      |     5 |
| >= 14 to < 16      |     1 |
| >= 16              |    60 |
+--------------------+-------+
* Control sets can be remapped at either synth_design or opt_design


3. Flip-Flop Distribution
-------------------------

+--------------+-----------------------+------------------------+-----------------+--------------+
| Clock Enable | Synchronous Set/Reset | Asynchronous Set/Reset | Total Registers | Total Slices |
+--------------+-----------------------+------------------------+-----------------+--------------+
| No           | No                    | No                     |            1051 |          374 |
| No           | No                    | Yes                    |              29 |            6 |
| No           | Yes                   | No                     |             515 |          174 |
| Yes          | No                    | No                     |            1542 |          336 |
| Yes          | No                    | Yes                    |              15 |            8 |
| Yes          | Yes                   | No                     |            1662 |          474 |
+--------------+-----------------------+------------------------+-----------------+--------------+


4. Detailed Control Set Information
-----------------------------------

+----------------------------------------------------------------+----------------------------------------------------------------------------------------------------------------------------------------------------------------------------------------------------------------+----------------------------------------------------------------------------------------------------------------------------------------------------------------------------------------------------------------------------------------+------------------+----------------+--------------+
|                          Clock Signal                          |                                                                                                  Enable Signal                                                                                                 |                                                                                                            Set/Reset Signal                                                                                                            | Slice Load Count | Bel Load Count | Bels / Slice |
+----------------------------------------------------------------+----------------------------------------------------------------------------------------------------------------------------------------------------------------------------------------------------------------+----------------------------------------------------------------------------------------------------------------------------------------------------------------------------------------------------------------------------------------+------------------+----------------+--------------+
| ~driverSystem_i/mdm_1/U0/Use_E2.BSCAN_I/Dbg_Update_0_BUFG      |                                                                                                                                                                                                                | driverSystem_i/mdm_1/U0/MDM_Core_I1/JTAG_CONTROL_I/sel_n                                                                                                                                                                               |                1 |              1 |         1.00 |
|  driverSystem_i/mdm_1/U0/Use_E2.BSCAN_I/Dbg_Update_0_BUFG      | driverSystem_i/microblaze_0/U0/MicroBlaze_Core_I/Performance.Core/Use_Debug_Logic.Master_Core.Debug_Perf/Control_Reg_En                                                                                        | driverSystem_i/microblaze_0/U0/MicroBlaze_Core_I/Performance.Core/Use_Debug_Logic.Master_Core.Debug_Perf/Serial_Dbg_Intf.continue_from_brk_reg_n_0                                                                                     |                1 |              1 |         1.00 |
| ~driverSystem_i/mdm_1/U0/No_Dbg_Reg_Access.BUFG_DRCK/Dbg_Clk_0 | driverSystem_i/mdm_1/U0/MDM_Core_I1/JTAG_CONTROL_I/Use_BSCAN.FDC_I/CE                                                                                                                                          | driverSystem_i/mdm_1/U0/MDM_Core_I1/JTAG_CONTROL_I/Use_BSCAN.FDC_I/D                                                                                                                                                                   |                1 |              1 |         1.00 |
|  driverSystem_i/mdm_1/U0/No_Dbg_Reg_Access.BUFG_DRCK/Dbg_Clk_0 | driverSystem_i/mdm_1/U0/Use_E2.BSCAN_I/Use_E2.BSCANE2_I_0                                                                                                                                                      | driverSystem_i/mdm_1/U0/MDM_Core_I1/JTAG_CONTROL_I/Functional_Reset                                                                                                                                                                    |                1 |              1 |         1.00 |
|  driverSystem_i/clk_wiz_1/inst/clk_out1                        |                                                                                                                                                                                                                | driverSystem_i/microblaze_0/U0/MicroBlaze_Core_I/Performance.Core/Use_Debug_Logic.Master_Core.Debug_Perf/Serial_Dbg_Intf.capture_1                                                                                                     |                1 |              1 |         1.00 |
|  driverSystem_i/mdm_1/U0/Use_E2.BSCAN_I/Dbg_Update_0_BUFG      | driverSystem_i/microblaze_0/U0/MicroBlaze_Core_I/Performance.Core/Use_Debug_Logic.Master_Core.Debug_Perf/Control_Reg_En                                                                                        | driverSystem_i/microblaze_0/U0/MicroBlaze_Core_I/Performance.Core/Use_Debug_Logic.Master_Core.Debug_Perf/Serial_Dbg_Intf.force_stop_cmd_i_reg_0                                                                                        |                1 |              1 |         1.00 |
|  driverSystem_i/mdm_1/U0/Use_E2.BSCAN_I/Dbg_Update_0_BUFG      | driverSystem_i/microblaze_0/U0/MicroBlaze_Core_I/Performance.Core/Use_Debug_Logic.Master_Core.Debug_Perf/Control_Reg_En                                                                                        | driverSystem_i/microblaze_0/U0/MicroBlaze_Core_I/Performance.Core/Use_Debug_Logic.Master_Core.Debug_Perf/Serial_Dbg_Intf.normal_stop_cmd_i_reg_n_0                                                                                     |                1 |              1 |         1.00 |
|  driverSystem_i/mdm_1/U0/Use_E2.BSCAN_I/Dbg_Update_0_BUFG      | driverSystem_i/microblaze_0/U0/MicroBlaze_Core_I/Performance.Core/Use_Debug_Logic.Master_Core.Debug_Perf/Control_Reg_En                                                                                        | driverSystem_i/microblaze_0/U0/MicroBlaze_Core_I/Performance.Core/Use_Debug_Logic.Master_Core.Debug_Perf/start_single_step_reg_n_0                                                                                                     |                1 |              1 |         1.00 |
|  driverSystem_i/clk_wiz_1/inst/clk_out1                        | driverSystem_i/bnn_axi_0/inst/bnn_axi_slave_lite_v1_0_S00_AXI_inst/core/L3/CEC                                                                                                                                 | driverSystem_i/bnn_axi_0/inst/bnn_axi_slave_lite_v1_0_S00_AXI_inst/core/L1/SR[0]                                                                                                                                                       |                1 |              2 |         2.00 |
|  driverSystem_i/clk_wiz_1/inst/clk_out1                        | driverSystem_i/axi_quad_spi_0/U0/NO_DUAL_QUAD_MODE.QSPI_NORMAL/QSPI_LEGACY_MD_GEN.AXI_LITE_IPIF_I/I_SLAVE_ATTACHMENT/I_DECODER/bus2ip_wrce_int[0]                                                              | driverSystem_i/axi_quad_spi_0/U0/NO_DUAL_QUAD_MODE.QSPI_NORMAL/QSPI_LEGACY_MD_GEN.QSPI_CORE_INTERFACE_I/SOFT_RESET_I/reset2ip_reset_int                                                                                                |                1 |              2 |         2.00 |
|  driverSystem_i/clk_wiz_1/inst/clk_out1                        | driverSystem_i/bnn_axi_0/inst/bnn_axi_slave_lite_v1_0_S00_AXI_inst/core/L2/CEC                                                                                                                                 | driverSystem_i/bnn_axi_0/inst/bnn_axi_slave_lite_v1_0_S00_AXI_inst/core/L1/SR[0]                                                                                                                                                       |                1 |              2 |         2.00 |
|  driverSystem_i/mdm_1/U0/Use_E2.BSCAN_I/Dbg_Update_0_BUFG      | driverSystem_i/microblaze_0/U0/MicroBlaze_Core_I/Performance.Core/Use_Debug_Logic.Master_Core.Debug_Perf/Command_Reg_En                                                                                        | driverSystem_i/microblaze_0/U0/MicroBlaze_Core_I/Performance.Core/Use_Debug_Logic.Master_Core.Debug_Perf/command_reg_clear                                                                                                             |                1 |              2 |         2.00 |
|  driverSystem_i/mdm_1/U0/Use_E2.BSCAN_I/Dbg_Update_0_BUFG      |                                                                                                                                                                                                                |                                                                                                                                                                                                                                        |                2 |              3 |         1.50 |
|  driverSystem_i/clk_wiz_1/inst/clk_out1                        |                                                                                                                                                                                                                | driverSystem_i/axi_quad_spi_0/U0/NO_DUAL_QUAD_MODE.QSPI_NORMAL/QSPI_LEGACY_MD_GEN.QSPI_CORE_INTERFACE_I/FIFO_EXISTS.TX_FIFO_II/gnuram_async_fifo.xpm_fifo_base_inst/xpm_fifo_rst_inst/FSM_onehot_gen_rst_ic.curr_wrst_state[4]_i_1_n_0 |                2 |              4 |         2.00 |
|  driverSystem_i/mdm_1/U0/Use_E2.BSCAN_I/Dbg_Update_0_BUFG      | driverSystem_i/microblaze_0/U0/MicroBlaze_Core_I/Performance.Core/Use_Debug_Logic.Master_Core.Debug_Perf/Control_Reg_En                                                                                        |                                                                                                                                                                                                                                        |                3 |              4 |         1.33 |
|  driverSystem_i/clk_wiz_1/inst/clk_out1                        |                                                                                                                                                                                                                | driverSystem_i/axi_quad_spi_0/U0/NO_DUAL_QUAD_MODE.QSPI_NORMAL/QSPI_LEGACY_MD_GEN.QSPI_CORE_INTERFACE_I/LOGIC_FOR_MD_0_GEN.SPI_MODULE_I/Slave_MODF_strobe_i_1_n_0                                                                      |                1 |              4 |         4.00 |
|  driverSystem_i/mdm_1/U0/Use_E2.BSCAN_I/Dbg_Update_0_BUFG      | driverSystem_i/mdm_1/U0/MDM_Core_I1/Use_BSCAN.MDM_SEL                                                                                                                                                          | driverSystem_i/mdm_1/U0/Use_E2.BSCAN_I/AR[0]                                                                                                                                                                                           |                1 |              4 |         4.00 |
|  driverSystem_i/clk_wiz_1/inst/clk_out1                        | driverSystem_i/bnn_axi_0/inst/bnn_axi_slave_lite_v1_0_S00_AXI_inst/core/L3/CEA2                                                                                                                                | driverSystem_i/bnn_axi_0/inst/bnn_axi_slave_lite_v1_0_S00_AXI_inst/core/L1/SR[0]                                                                                                                                                       |                1 |              4 |         4.00 |
|  driverSystem_i/clk_wiz_1/inst/clk_out1                        |                                                                                                                                                                                                                | driverSystem_i/axi_quad_spi_0/U0/NO_DUAL_QUAD_MODE.QSPI_NORMAL/QSPI_LEGACY_MD_GEN.QSPI_CORE_INTERFACE_I/FIFO_EXISTS.RX_FIFO_II/gnuram_async_fifo.xpm_fifo_base_inst/xpm_fifo_rst_inst/FSM_onehot_gen_rst_ic.curr_wrst_state[4]_i_1_n_0 |                2 |              4 |         2.00 |
|  driverSystem_i/clk_wiz_1/inst/clk_out1                        | driverSystem_i/axi_quad_spi_0/U0/NO_DUAL_QUAD_MODE.QSPI_NORMAL/QSPI_LEGACY_MD_GEN.QSPI_CORE_INTERFACE_I/FIFO_EXISTS.CLK_CROSS_I/LOGIC_GENERATION_FDR.SYNC_SPIXFER_DONE_S2AX_2_0                                |                                                                                                                                                                                                                                        |                2 |              4 |         2.00 |
|  driverSystem_i/clk_wiz_1/inst/clk_out1                        | driverSystem_i/axi_smc/inst/sc_ul/inst/gen_axilite_1xn.fanout_inst/m_axi_arvalid_vec_i[0]                                                                                                                      | driverSystem_i/axi_smc/inst/sc_ul/inst/gen_axilite_1xn.fanout_inst/m_axi_arvalid_vec_i[0]_i_1_n_0                                                                                                                                      |                1 |              4 |         4.00 |
|  driverSystem_i/clk_wiz_1/inst/clk_out1                        |                                                                                                                                                                                                                | driverSystem_i/axi_gpio_0/U0/AXI_LITE_IPIF_I/I_SLAVE_ATTACHMENT/clear                                                                                                                                                                  |                1 |              4 |         4.00 |
|  driverSystem_i/clk_wiz_1/inst/clk_out1                        | driverSystem_i/axi_smc/inst/sc_ul/inst/gen_axilite_1xn.fanout_inst/m_axi_wvalid_vec_i[0]                                                                                                                       | driverSystem_i/axi_smc/inst/sc_ul/inst/gen_axilite_1xn.fanout_inst/m_axi_wvalid_vec_i[0]_i_1_n_0                                                                                                                                       |                1 |              4 |         4.00 |
|  driverSystem_i/clk_wiz_1/inst/clk_out1                        |                                                                                                                                                                                                                | driverSystem_i/axi_smc/inst/sc_ul/inst/gen_axilite_1xn.fanout_inst/s_axi_bvalid_i_i_1_n_0                                                                                                                                              |                2 |              4 |         2.00 |
|  driverSystem_i/clk_wiz_1/inst/clk_out1                        | driverSystem_i/axi_gpio_0/U0/AXI_LITE_IPIF_I/I_SLAVE_ATTACHMENT/bus2ip_addr_i[8]_i_1_n_0                                                                                                                       | driverSystem_i/axi_gpio_0/U0/AXI_LITE_IPIF_I/I_SLAVE_ATTACHMENT/SR[0]                                                                                                                                                                  |                1 |              4 |         4.00 |
|  driverSystem_i/clk_wiz_1/inst/clk_out1                        | driverSystem_i/axi_smc/inst/sc_ul/inst/gen_axilite_1xn.fanout_inst/m_axi_awvalid_vec_i[0]                                                                                                                      | driverSystem_i/axi_smc/inst/sc_ul/inst/gen_axilite_1xn.fanout_inst/m_axi_awvalid_vec_i[0]_i_1_n_0                                                                                                                                      |                1 |              4 |         4.00 |
|  driverSystem_i/clk_wiz_1/inst/clk_out1                        | driverSystem_i/axi_gpio_0/U0/AXI_LITE_IPIF_I/I_SLAVE_ATTACHMENT/s_axi_rresp_i[0]                                                                                                                               | driverSystem_i/axi_gpio_0/U0/AXI_LITE_IPIF_I/I_SLAVE_ATTACHMENT/SR[0]                                                                                                                                                                  |                1 |              4 |         4.00 |
|  driverSystem_i/mdm_1/U0/No_Dbg_Reg_Access.BUFG_DRCK/Dbg_Clk_0 | driverSystem_i/mdm_1/U0/MDM_Core_I1/Use_BSCAN.TDI_Shifter0                                                                                                                                                     | driverSystem_i/mdm_1/U0/Use_E2.BSCAN_I/AR[0]                                                                                                                                                                                           |                1 |              4 |         4.00 |
| ~driverSystem_i/mdm_1/U0/Use_E2.BSCAN_I/Dbg_Update_0_BUFG      |                                                                                                                                                                                                                | driverSystem_i/mdm_1/U0/Use_E2.BSCAN_I/AR[0]                                                                                                                                                                                           |                1 |              4 |         4.00 |
|  driverSystem_i/clk_wiz_1/inst/clk_out1                        | driverSystem_i/axi_uartlite_0/U0/AXI_LITE_IPIF_I/I_SLAVE_ATTACHMENT/start2                                                                                                                                     | driverSystem_i/axi_uartlite_0/U0/AXI_LITE_IPIF_I/I_SLAVE_ATTACHMENT/I_DECODER/cs_ce_clr                                                                                                                                                |                1 |              4 |         4.00 |
|  driverSystem_i/clk_wiz_1/inst/clk_out1                        | driverSystem_i/axi_gpio_0/U0/AXI_LITE_IPIF_I/I_SLAVE_ATTACHMENT/start2                                                                                                                                         | driverSystem_i/axi_gpio_0/U0/AXI_LITE_IPIF_I/I_SLAVE_ATTACHMENT/I_DECODER/cs_ce_clr                                                                                                                                                    |                1 |              4 |         4.00 |
|  driverSystem_i/clk_wiz_1/inst/clk_out1                        | driverSystem_i/axi_uartlite_0/U0/UARTLITE_CORE_I/BAUD_RATE_I/en_16x_Baud                                                                                                                                       |                                                                                                                                                                                                                                        |                1 |              4 |         4.00 |
|  driverSystem_i/clk_wiz_1/inst/clk_out1                        |                                                                                                                                                                                                                | driverSystem_i/rst_clk_wiz_1_100M/U0/EXT_LPF/lpf_int                                                                                                                                                                                   |                1 |              5 |         5.00 |
|  driverSystem_i/clk_wiz_1/inst/clk_out1                        | driverSystem_i/axi_quad_spi_0/U0/NO_DUAL_QUAD_MODE.QSPI_NORMAL/QSPI_LEGACY_MD_GEN.QSPI_CORE_INTERFACE_I/LOGIC_FOR_MD_0_GEN.SPI_MODULE_I/OTHER_RATIO_GENERATE.Count[4]_i_2_n_0                                  | driverSystem_i/axi_quad_spi_0/U0/NO_DUAL_QUAD_MODE.QSPI_NORMAL/QSPI_LEGACY_MD_GEN.QSPI_CORE_INTERFACE_I/LOGIC_FOR_MD_0_GEN.SPI_MODULE_I/OTHER_RATIO_GENERATE.Count[4]_i_1_n_0                                                          |                2 |              5 |         2.50 |
|  driverSystem_i/clk_wiz_1/inst/clk_out1                        |                                                                                                                                                                                                                | driverSystem_i/axi_quad_spi_0/U0/NO_DUAL_QUAD_MODE.QSPI_NORMAL/QSPI_LEGACY_MD_GEN.QSPI_CORE_INTERFACE_I/FIFO_EXISTS.RX_FIFO_II/gnuram_async_fifo.xpm_fifo_base_inst/xpm_fifo_rst_inst/SR[0]                                            |                2 |              5 |         2.50 |
|  driverSystem_i/clk_wiz_1/inst/clk_out1                        | driverSystem_i/bnn_axi_0/inst/bnn_axi_slave_lite_v1_0_S00_AXI_inst/axi_awaddr[6]_i_1_n_0                                                                                                                       | driverSystem_i/bnn_axi_0/inst/bnn_axi_slave_lite_v1_0_S00_AXI_inst/core/L1/SR[0]                                                                                                                                                       |                2 |              5 |         2.50 |
|  driverSystem_i/clk_wiz_1/inst/clk_out1                        |                                                                                                                                                                                                                | driverSystem_i/axi_quad_spi_0/U0/NO_DUAL_QUAD_MODE.QSPI_NORMAL/QSPI_LEGACY_MD_GEN.QSPI_CORE_INTERFACE_I/FIFO_EXISTS.RX_FIFO_II/gnuram_async_fifo.xpm_fifo_base_inst/xpm_fifo_rst_inst/wrst_busy                                        |                2 |              5 |         2.50 |
|  driverSystem_i/clk_wiz_1/inst/clk_out1                        | driverSystem_i/microblaze_0/U0/MicroBlaze_Core_I/Performance.Core/Decode_I/wb_Halted                                                                                                                           | driverSystem_i/microblaze_0/U0/MicroBlaze_Core_I/sync_reset                                                                                                                                                                            |                2 |              5 |         2.50 |
|  driverSystem_i/clk_wiz_1/inst/clk_out1                        |                                                                                                                                                                                                                | driverSystem_i/axi_uartlite_0/U0/UARTLITE_CORE_I/UARTLITE_TX_I/SRL_FIFO_I/TX_FIFO_Reset                                                                                                                                                |                2 |              6 |         3.00 |
|  driverSystem_i/clk_wiz_1/inst/clk_out1                        | driverSystem_i/rst_clk_wiz_1_100M/U0/SEQ/seq_cnt_en                                                                                                                                                            | driverSystem_i/rst_clk_wiz_1_100M/U0/SEQ/SEQ_COUNTER/clear                                                                                                                                                                             |                1 |              6 |         6.00 |
|  driverSystem_i/clk_wiz_1/inst/clk_out1                        | driverSystem_i/axi_quad_spi_0/U0/NO_DUAL_QUAD_MODE.QSPI_NORMAL/QSPI_LEGACY_MD_GEN.AXI_LITE_IPIF_I/I_SLAVE_ATTACHMENT/bus2ip_addr_i[6]_i_1_n_0                                                                  | driverSystem_i/axi_quad_spi_0/U0/NO_DUAL_QUAD_MODE.QSPI_NORMAL/QSPI_LEGACY_MD_GEN.AXI_LITE_IPIF_I/I_SLAVE_ATTACHMENT/SR[0]                                                                                                             |                1 |              6 |         6.00 |
|  driverSystem_i/clk_wiz_1/inst/clk_out1                        |                                                                                                                                                                                                                | driverSystem_i/axi_quad_spi_0/U0/NO_DUAL_QUAD_MODE.QSPI_NORMAL/QSPI_LEGACY_MD_GEN.AXI_LITE_IPIF_I/I_SLAVE_ATTACHMENT/clear                                                                                                             |                2 |              6 |         3.00 |
|  driverSystem_i/mdm_1/U0/No_Dbg_Reg_Access.BUFG_DRCK/Dbg_Clk_0 | driverSystem_i/mdm_1/U0/Use_E2.BSCAN_I/Use_Serial_Unified_Completion.Data_Read_Status.count                                                                                                                    |                                                                                                                                                                                                                                        |                2 |              6 |         3.00 |
|  driverSystem_i/clk_wiz_1/inst/clk_out1                        |                                                                                                                                                                                                                | driverSystem_i/axi_uartlite_0/U0/UARTLITE_CORE_I/UARTLITE_RX_I/SRL_FIFO_I/RX_FIFO_Reset                                                                                                                                                |                3 |              6 |         2.00 |
|  driverSystem_i/mdm_1/U0/No_Dbg_Reg_Access.BUFG_DRCK/Dbg_Clk_0 | driverSystem_i/mdm_1/U0/Use_E2.BSCAN_I/Use_E2.BSCANE2_I_2                                                                                                                                                      |                                                                                                                                                                                                                                        |                3 |              6 |         2.00 |
|  driverSystem_i/mdm_1/U0/No_Dbg_Reg_Access.BUFG_DRCK/Dbg_Clk_0 | driverSystem_i/mdm_1/U0/MDM_Core_I1/JTAG_CONTROL_I/Use_BSCAN.FDC_I/Use_Serial_Unified_Completion.Completion_Status_Register.sample_1                                                                           |                                                                                                                                                                                                                                        |                1 |              6 |         6.00 |
|  driverSystem_i/clk_wiz_1/inst/clk_out1                        | driverSystem_i/axi_uartlite_0/U0/UARTLITE_CORE_I/BAUD_RATE_I/en_16x_Baud                                                                                                                                       | driverSystem_i/axi_uartlite_0/U0/UARTLITE_CORE_I/UARTLITE_RX_I/SERIAL_TO_PARALLEL[8].fifo_din[8]_i_1_n_0                                                                                                                               |                1 |              7 |         7.00 |
|  driverSystem_i/clk_wiz_1/inst/clk_out1                        | driverSystem_i/bnn_axi_0/inst/bnn_axi_slave_lite_v1_0_S00_AXI_inst/core/L1/CEC                                                                                                                                 | driverSystem_i/bnn_axi_0/inst/bnn_axi_slave_lite_v1_0_S00_AXI_inst/core/L1/SR[0]                                                                                                                                                       |                1 |              7 |         7.00 |
|  driverSystem_i/clk_wiz_1/inst/clk_out1                        | driverSystem_i/axi_quad_spi_0/U0/NO_DUAL_QUAD_MODE.QSPI_NORMAL/QSPI_LEGACY_MD_GEN.QSPI_CORE_INTERFACE_I/LOGIC_FOR_MD_0_GEN.SPI_MODULE_I/rx_shft_reg_mode_01100                                                 | driverSystem_i/axi_quad_spi_0/U0/NO_DUAL_QUAD_MODE.QSPI_NORMAL/QSPI_LEGACY_MD_GEN.QSPI_CORE_INTERFACE_I/RESET_SYNC_AXI_SPI_CLK_INST/Rst_to_spi                                                                                         |                2 |              8 |         4.00 |
|  driverSystem_i/clk_wiz_1/inst/clk_out1                        | driverSystem_i/axi_quad_spi_0/U0/NO_DUAL_QUAD_MODE.QSPI_NORMAL/QSPI_LEGACY_MD_GEN.QSPI_CORE_INTERFACE_I/LOGIC_FOR_MD_0_GEN.SPI_MODULE_I/OTHER_RATIO_GENERATE.rx_shft_reg_s[0]_i_1_n_0                          |                                                                                                                                                                                                                                        |                1 |              8 |         8.00 |
|  driverSystem_i/clk_wiz_1/inst/clk_out1                        | driverSystem_i/axi_quad_spi_0/U0/NO_DUAL_QUAD_MODE.QSPI_NORMAL/QSPI_LEGACY_MD_GEN.QSPI_CORE_INTERFACE_I/LOGIC_FOR_MD_0_GEN.SPI_MODULE_I/SPIXfer_done_int_pulse_d1                                              |                                                                                                                                                                                                                                        |                3 |              8 |         2.67 |
|  driverSystem_i/clk_wiz_1/inst/clk_out1                        | driverSystem_i/axi_quad_spi_0/U0/NO_DUAL_QUAD_MODE.QSPI_NORMAL/QSPI_LEGACY_MD_GEN.QSPI_CORE_INTERFACE_I/FIFO_EXISTS.TX_FIFO_II/gnuram_async_fifo.xpm_fifo_base_inst/rdp_inst/E[0]                              |                                                                                                                                                                                                                                        |                2 |              8 |         4.00 |
|  driverSystem_i/clk_wiz_1/inst/clk_out1                        | driverSystem_i/axi_uartlite_0/U0/UARTLITE_CORE_I/UARTLITE_RX_I/SRL_FIFO_I/fifo_wr                                                                                                                              |                                                                                                                                                                                                                                        |                1 |              8 |         8.00 |
|  driverSystem_i/clk_wiz_1/inst/clk_out1                        | driverSystem_i/axi_quad_spi_0/U0/NO_DUAL_QUAD_MODE.QSPI_NORMAL/QSPI_LEGACY_MD_GEN.QSPI_CORE_INTERFACE_I/LOGIC_FOR_MD_0_GEN.SPI_MODULE_I/OTHER_RATIO_GENERATE.Shift_Reg[0]_i_1_n_0                              | driverSystem_i/axi_quad_spi_0/U0/NO_DUAL_QUAD_MODE.QSPI_NORMAL/QSPI_LEGACY_MD_GEN.QSPI_CORE_INTERFACE_I/RESET_SYNC_AXI_SPI_CLK_INST/Rst_to_spi                                                                                         |                2 |              8 |         4.00 |
|  driverSystem_i/clk_wiz_1/inst/clk_out1                        | driverSystem_i/axi_uartlite_0/U0/AXI_LITE_IPIF_I/I_SLAVE_ATTACHMENT/s_axi_rresp_i[0]                                                                                                                           | driverSystem_i/axi_uartlite_0/U0/AXI_LITE_IPIF_I/I_SLAVE_ATTACHMENT/rst                                                                                                                                                                |                2 |              8 |         4.00 |
|  driverSystem_i/clk_wiz_1/inst/clk_out1                        | driverSystem_i/axi_quad_spi_0/U0/NO_DUAL_QUAD_MODE.QSPI_NORMAL/QSPI_LEGACY_MD_GEN.QSPI_CORE_INTERFACE_I/FIFO_EXISTS.TX_FIFO_II/gnuram_async_fifo.xpm_fifo_base_inst/gen_fwft.ram_regout_en                     | driverSystem_i/axi_quad_spi_0/U0/NO_DUAL_QUAD_MODE.QSPI_NORMAL/QSPI_LEGACY_MD_GEN.QSPI_CORE_INTERFACE_I/FIFO_EXISTS.TX_FIFO_II/gnuram_async_fifo.xpm_fifo_base_inst/xpm_fifo_rst_inst/SR[0]                                            |                2 |              8 |         4.00 |
|  driverSystem_i/clk_wiz_1/inst/clk_out1                        | driverSystem_i/axi_quad_spi_0/U0/NO_DUAL_QUAD_MODE.QSPI_NORMAL/QSPI_LEGACY_MD_GEN.AXI_LITE_IPIF_I/I_SLAVE_ATTACHMENT/I_DECODER/SPICR_data_int_reg0                                                             | driverSystem_i/axi_quad_spi_0/U0/NO_DUAL_QUAD_MODE.QSPI_NORMAL/QSPI_LEGACY_MD_GEN.QSPI_CORE_INTERFACE_I/SOFT_RESET_I/reset2ip_reset_int                                                                                                |                1 |              8 |         8.00 |
|  driverSystem_i/mdm_1/U0/No_Dbg_Reg_Access.BUFG_DRCK/Dbg_Clk_0 | driverSystem_i/mdm_1/U0/MDM_Core_I1/JTAG_CONTROL_I/tdi_shifter0                                                                                                                                                |                                                                                                                                                                                                                                        |                2 |              8 |         4.00 |
| ~driverSystem_i/mdm_1/U0/Use_E2.BSCAN_I/Dbg_Update_0_BUFG      | driverSystem_i/mdm_1/U0/MDM_Core_I1/JTAG_CONTROL_I/Use_BSCAN.command[0]_i_1_n_0                                                                                                                                |                                                                                                                                                                                                                                        |                2 |              8 |         4.00 |
|  driverSystem_i/mdm_1/U0/No_Dbg_Reg_Access.BUFG_DRCK/Dbg_Clk_0 | driverSystem_i/microblaze_0/U0/MicroBlaze_Core_I/Performance.Core/Use_Debug_Logic.Master_Core.Debug_Perf/Using_PC_Breakpoints.All_PC_Brks[0].Serial_Interface_1.address_hit_I/Compare[0].SRLC16E_I/which_pc[0] |                                                                                                                                                                                                                                        |                7 |              8 |         1.14 |
|  driverSystem_i/mdm_1/U0/Use_E2.BSCAN_I/Dbg_Update_0_BUFG      | driverSystem_i/mdm_1/U0/MDM_Core_I1/JTAG_CONTROL_I/Use_BSCAN.FDC_I/command_10                                                                                                                                  |                                                                                                                                                                                                                                        |                1 |              8 |         8.00 |
|  driverSystem_i/clk_wiz_1/inst/clk_out1                        | driverSystem_i/axi_uartlite_0/U0/AXI_LITE_IPIF_I/I_SLAVE_ATTACHMENT/I_DECODER/fifo_wr                                                                                                                          |                                                                                                                                                                                                                                        |                1 |              8 |         8.00 |
|  driverSystem_i/clk_wiz_1/inst/clk_out1                        |                                                                                                                                                                                                                | driverSystem_i/axi_quad_spi_0/U0/NO_DUAL_QUAD_MODE.QSPI_NORMAL/QSPI_LEGACY_MD_GEN.QSPI_CORE_INTERFACE_I/FIFO_EXISTS.TX_FIFO_II/gnuram_async_fifo.xpm_fifo_base_inst/xpm_fifo_rst_inst/SR[0]                                            |                2 |              8 |         4.00 |
|  driverSystem_i/clk_wiz_1/inst/clk_out1                        | driverSystem_i/axi_quad_spi_0/U0/NO_DUAL_QUAD_MODE.QSPI_NORMAL/QSPI_LEGACY_MD_GEN.QSPI_CORE_INTERFACE_I/FIFO_EXISTS.RX_FIFO_II/gnuram_async_fifo.xpm_fifo_base_inst/gen_fwft.ram_regout_en                     | driverSystem_i/axi_quad_spi_0/U0/NO_DUAL_QUAD_MODE.QSPI_NORMAL/QSPI_LEGACY_MD_GEN.QSPI_CORE_INTERFACE_I/FIFO_EXISTS.RX_FIFO_II/gnuram_async_fifo.xpm_fifo_base_inst/xpm_fifo_rst_inst/gen_rst_ic.fifo_rd_rst_ic_reg_0                  |                1 |              8 |         8.00 |
|  driverSystem_i/clk_wiz_1/inst/clk_out1                        | driverSystem_i/bnn_axi_0/inst/bnn_axi_slave_lite_v1_0_S00_AXI_inst/core/L2/CEA2                                                                                                                                | driverSystem_i/bnn_axi_0/inst/bnn_axi_slave_lite_v1_0_S00_AXI_inst/core/L1/SR[0]                                                                                                                                                       |                3 |              8 |         2.67 |
|  driverSystem_i/clk_wiz_1/inst/clk_out1                        | driverSystem_i/axi_quad_spi_0/U0/NO_DUAL_QUAD_MODE.QSPI_NORMAL/QSPI_LEGACY_MD_GEN.QSPI_CORE_INTERFACE_I/LOGIC_FOR_MD_0_GEN.SPI_MODULE_I/rx_shft_reg_mode_00110                                                 | driverSystem_i/axi_quad_spi_0/U0/NO_DUAL_QUAD_MODE.QSPI_NORMAL/QSPI_LEGACY_MD_GEN.QSPI_CORE_INTERFACE_I/RESET_SYNC_AXI_SPI_CLK_INST/Rst_to_spi                                                                                         |                1 |              8 |         8.00 |
|  driverSystem_i/clk_wiz_1/inst/clk_out1                        | driverSystem_i/axi_quad_spi_0/U0/NO_DUAL_QUAD_MODE.QSPI_NORMAL/QSPI_LEGACY_MD_GEN.QSPI_CORE_INTERFACE_I/FIFO_EXISTS.RX_FIFO_II/gnuram_async_fifo.xpm_fifo_base_inst/rdp_inst/E[0]                              |                                                                                                                                                                                                                                        |                2 |              8 |         4.00 |
|  driverSystem_i/clk_wiz_1/inst/clk_out1                        | driverSystem_i/axi_quad_spi_0/U0/NO_DUAL_QUAD_MODE.QSPI_NORMAL/QSPI_LEGACY_MD_GEN.AXI_LITE_IPIF_I/I_SLAVE_ATTACHMENT/I_DECODER/bus2ip_wrce_int[1]                                                              | driverSystem_i/axi_quad_spi_0/U0/NO_DUAL_QUAD_MODE.QSPI_NORMAL/QSPI_LEGACY_MD_GEN.QSPI_CORE_INTERFACE_I/SOFT_RESET_I/reset2ip_reset_int                                                                                                |                3 |              9 |         3.00 |
|  driverSystem_i/clk_wiz_1/inst/clk_out1                        | driverSystem_i/bnn_axi_0/inst/bnn_axi_slave_lite_v1_0_S00_AXI_inst/core/L3/enable_delay                                                                                                                        | driverSystem_i/bnn_axi_0/inst/bnn_axi_slave_lite_v1_0_S00_AXI_inst/core/L3/neuron_n/count[8]_i_1__0_n_0                                                                                                                                |                3 |              9 |         3.00 |
|  driverSystem_i/clk_wiz_1/inst/clk_out1                        | driverSystem_i/bnn_axi_0/inst/bnn_axi_slave_lite_v1_0_S00_AXI_inst/axi_araddr[6]_i_1_n_0                                                                                                                       |                                                                                                                                                                                                                                        |                3 |              9 |         3.00 |
|  driverSystem_i/clk_wiz_1/inst/clk_out1                        | driverSystem_i/axi_quad_spi_0/U0/NO_DUAL_QUAD_MODE.QSPI_NORMAL/QSPI_LEGACY_MD_GEN.QSPI_CORE_INTERFACE_I/FIFO_EXISTS.RX_FIFO_II/gnuram_async_fifo.xpm_fifo_base_inst/rdp_inst/E[0]                              | driverSystem_i/axi_quad_spi_0/U0/NO_DUAL_QUAD_MODE.QSPI_NORMAL/QSPI_LEGACY_MD_GEN.QSPI_CORE_INTERFACE_I/FIFO_EXISTS.RX_FIFO_II/gnuram_async_fifo.xpm_fifo_base_inst/xpm_fifo_rst_inst/gen_rst_ic.fifo_rd_rst_ic_reg_0                  |                2 |              9 |         4.50 |
|  driverSystem_i/clk_wiz_1/inst/clk_out1                        | driverSystem_i/axi_quad_spi_0/U0/NO_DUAL_QUAD_MODE.QSPI_NORMAL/QSPI_LEGACY_MD_GEN.QSPI_CORE_INTERFACE_I/FIFO_EXISTS.TX_FIFO_II/gnuram_async_fifo.xpm_fifo_base_inst/rdp_inst/E[0]                              | driverSystem_i/axi_quad_spi_0/U0/NO_DUAL_QUAD_MODE.QSPI_NORMAL/QSPI_LEGACY_MD_GEN.QSPI_CORE_INTERFACE_I/FIFO_EXISTS.TX_FIFO_II/gnuram_async_fifo.xpm_fifo_base_inst/xpm_fifo_rst_inst/SR[0]                                            |                3 |              9 |         3.00 |
|  driverSystem_i/clk_wiz_1/inst/clk_out1                        | driverSystem_i/bnn_axi_0/inst/bnn_axi_slave_lite_v1_0_S00_AXI_inst/core/L2/enable_delay                                                                                                                        | driverSystem_i/bnn_axi_0/inst/bnn_axi_slave_lite_v1_0_S00_AXI_inst/core/L2/neuron_n/count[8]_i_1_n_0                                                                                                                                   |                3 |              9 |         3.00 |
|  driverSystem_i/mdm_1/U0/No_Dbg_Reg_Access.BUFG_DRCK/Dbg_Clk_0 | driverSystem_i/mdm_1/U0/MDM_Core_I1/JTAG_CONTROL_I/Use_BSCAN.FDC_I/Use_Serial_Unified_Completion.completion_block_reg                                                                                          |                                                                                                                                                                                                                                        |                4 |             10 |         2.50 |
|  driverSystem_i/clk_wiz_1/inst/clk_out1                        | driverSystem_i/bnn_axi_0/inst/bnn_axi_slave_lite_v1_0_S00_AXI_inst/core/L1/enable_delay                                                                                                                        | driverSystem_i/bnn_axi_0/inst/bnn_axi_slave_lite_v1_0_S00_AXI_inst/core/L1/neuron_n/count[9]_i_1_n_0                                                                                                                                   |                3 |             10 |         3.33 |
|  driverSystem_i/clk_wiz_1/inst/clk_out1                        |                                                                                                                                                                                                                | driverSystem_i/axi_uartlite_0/U0/AXI_LITE_IPIF_I/I_SLAVE_ATTACHMENT/rst                                                                                                                                                                |                3 |             10 |         3.33 |
|  driverSystem_i/clk_wiz_1/inst/clk_out1                        | driverSystem_i/axi_quad_spi_0/U0/NO_DUAL_QUAD_MODE.QSPI_NORMAL/QSPI_LEGACY_MD_GEN.AXI_LITE_IPIF_I/I_SLAVE_ATTACHMENT/s_axi_rresp_i[0]                                                                          | driverSystem_i/axi_quad_spi_0/U0/NO_DUAL_QUAD_MODE.QSPI_NORMAL/QSPI_LEGACY_MD_GEN.AXI_LITE_IPIF_I/I_SLAVE_ATTACHMENT/SR[0]                                                                                                             |                2 |             12 |         6.00 |
|  driverSystem_i/clk_wiz_1/inst/clk_out1                        | driverSystem_i/axi_quad_spi_0/U0/NO_DUAL_QUAD_MODE.QSPI_NORMAL/QSPI_LEGACY_MD_GEN.QSPI_CORE_INTERFACE_I/FIFO_EXISTS.RX_FIFO_II/gnuram_async_fifo.xpm_fifo_base_inst/xpm_fifo_rst_inst/E[0]                     |                                                                                                                                                                                                                                        |                2 |             12 |         6.00 |
|  driverSystem_i/clk_wiz_1/inst/clk_out1                        | driverSystem_i/axi_quad_spi_0/U0/NO_DUAL_QUAD_MODE.QSPI_NORMAL/QSPI_LEGACY_MD_GEN.QSPI_CORE_INTERFACE_I/FIFO_EXISTS.TX_FIFO_II/gnuram_async_fifo.xpm_fifo_base_inst/xpm_fifo_rst_inst/E[0]                     |                                                                                                                                                                                                                                        |                2 |             12 |         6.00 |
|  driverSystem_i/clk_wiz_1/inst/clk_out1                        |                                                                                                                                                                                                                | driverSystem_i/axi_quad_spi_0/U0/NO_DUAL_QUAD_MODE.QSPI_NORMAL/QSPI_LEGACY_MD_GEN.QSPI_CORE_INTERFACE_I/FIFO_EXISTS.RX_FIFO_II/gnuram_async_fifo.xpm_fifo_base_inst/xpm_fifo_rst_inst/gen_rst_ic.fifo_rd_rst_ic_reg_0                  |                3 |             13 |         4.33 |
|  driverSystem_i/clk_wiz_1/inst/clk_out1                        | driverSystem_i/bnn_axi_0/inst/bnn_axi_slave_lite_v1_0_S00_AXI_inst/core/L3/neuron_n/FSM_sequential_current_state_reg[1]                                                                                        | driverSystem_i/bnn_axi_0/inst/bnn_axi_slave_lite_v1_0_S00_AXI_inst/core/L3/best_count[8]_i_1_n_0                                                                                                                                       |                4 |             13 |         3.25 |
|  driverSystem_i/clk_wiz_1/inst/clk_out1                        | driverSystem_i/bnn_axi_0/inst/bnn_axi_slave_lite_v1_0_S00_AXI_inst/core/L1/CEA2                                                                                                                                | driverSystem_i/bnn_axi_0/inst/bnn_axi_slave_lite_v1_0_S00_AXI_inst/core/L1/SR[0]                                                                                                                                                       |                4 |             14 |         3.50 |
|  driverSystem_i/clk_wiz_1/inst/clk_out1                        | driverSystem_i/microblaze_0/U0/MicroBlaze_Core_I/Performance.Core/Decode_I/PreFetch_Buffer_I1/OF_Valid_DFF/E[0]                                                                                                | driverSystem_i/microblaze_0/U0/MicroBlaze_Core_I/sync_reset                                                                                                                                                                            |                5 |             16 |         3.20 |
|  driverSystem_i/clk_wiz_1/inst/clk_out1                        |                                                                                                                                                                                                                | driverSystem_i/axi_quad_spi_0/U0/NO_DUAL_QUAD_MODE.QSPI_NORMAL/QSPI_LEGACY_MD_GEN.QSPI_CORE_INTERFACE_I/FIFO_EXISTS.TX_FIFO_II/gnuram_async_fifo.xpm_fifo_base_inst/xpm_fifo_rst_inst/wrst_busy                                        |                5 |             16 |         3.20 |
|  driverSystem_i/clk_wiz_1/inst/clk_out1                        | driverSystem_i/axi_quad_spi_0/U0/NO_DUAL_QUAD_MODE.QSPI_NORMAL/QSPI_LEGACY_MD_GEN.QSPI_CORE_INTERFACE_I/FIFO_EXISTS.RX_FIFO_II/gnuram_async_fifo.xpm_fifo_base_inst/xpm_fifo_rst_inst/E[0]                     | driverSystem_i/axi_quad_spi_0/U0/NO_DUAL_QUAD_MODE.QSPI_NORMAL/QSPI_LEGACY_MD_GEN.QSPI_CORE_INTERFACE_I/FIFO_EXISTS.RX_FIFO_II/gnuram_async_fifo.xpm_fifo_base_inst/xpm_fifo_rst_inst/wrst_busy                                        |                4 |             17 |         4.25 |
|  driverSystem_i/clk_wiz_1/inst/clk_out1                        | driverSystem_i/axi_quad_spi_0/U0/NO_DUAL_QUAD_MODE.QSPI_NORMAL/QSPI_LEGACY_MD_GEN.QSPI_CORE_INTERFACE_I/FIFO_EXISTS.TX_FIFO_II/gnuram_async_fifo.xpm_fifo_base_inst/xpm_fifo_rst_inst/E[0]                     | driverSystem_i/axi_quad_spi_0/U0/NO_DUAL_QUAD_MODE.QSPI_NORMAL/QSPI_LEGACY_MD_GEN.QSPI_CORE_INTERFACE_I/FIFO_EXISTS.TX_FIFO_II/gnuram_async_fifo.xpm_fifo_base_inst/xpm_fifo_rst_inst/wrst_busy                                        |                4 |             17 |         4.25 |
|  driverSystem_i/clk_wiz_1/inst/clk_out1                        | driverSystem_i/microblaze_0/U0/MicroBlaze_Core_I/Performance.Core/Decode_I/mem_wait_on_ready_N_carry_or/MUXCY_I/lopt_1                                                                                         | driverSystem_i/microblaze_0/U0/MicroBlaze_Core_I/sync_reset                                                                                                                                                                            |                7 |             20 |         2.86 |
|  driverSystem_i/mdm_1/U0/No_Dbg_Reg_Access.BUFG_DRCK/Dbg_Clk_0 |                                                                                                                                                                                                                | driverSystem_i/mdm_1/U0/Use_E2.BSCAN_I/Use_E2.BSCANE2_I_3                                                                                                                                                                              |                3 |             23 |         7.67 |
|  driverSystem_i/clk_wiz_1/inst/clk_out1                        |                                                                                                                                                                                                                | driverSystem_i/bnn_axi_0/inst/bnn_axi_slave_lite_v1_0_S00_AXI_inst/core/L1/SR[0]                                                                                                                                                       |               10 |             23 |         2.30 |
|  driverSystem_i/clk_wiz_1/inst/clk_out1                        |                                                                                                                                                                                                                | driverSystem_i/axi_gpio_0/U0/AXI_LITE_IPIF_I/I_SLAVE_ATTACHMENT/SR[0]                                                                                                                                                                  |                8 |             23 |         2.88 |
|  driverSystem_i/clk_wiz_1/inst/clk_out1                        |                                                                                                                                                                                                                | driverSystem_i/axi_uartlite_0/U0/UARTLITE_CORE_I/UARTLITE_RX_I/SR[0]                                                                                                                                                                   |                7 |             26 |         3.71 |
|  driverSystem_i/clk_wiz_1/inst/clk_out1                        | driverSystem_i/axi_uartlite_0/U0/UARTLITE_CORE_I/BAUD_RATE_I/en_16x_Baud                                                                                                                                       | driverSystem_i/axi_uartlite_0/U0/UARTLITE_CORE_I/UARTLITE_RX_I/SR[0]                                                                                                                                                                   |                5 |             28 |         5.60 |
|  driverSystem_i/clk_wiz_1/inst/clk_out1                        |                                                                                                                                                                                                                | driverSystem_i/axi_quad_spi_0/U0/NO_DUAL_QUAD_MODE.QSPI_NORMAL/QSPI_LEGACY_MD_GEN.AXI_LITE_IPIF_I/I_SLAVE_ATTACHMENT/SR[0]                                                                                                             |                9 |             31 |         3.44 |
|  driverSystem_i/clk_wiz_1/inst/clk_out1                        | driverSystem_i/bnn_axi_0/inst/bnn_axi_slave_lite_v1_0_S00_AXI_inst/image_reg[14][31]_i_1_n_0                                                                                                                   | driverSystem_i/bnn_axi_0/inst/bnn_axi_slave_lite_v1_0_S00_AXI_inst/core/L1/SR[0]                                                                                                                                                       |                6 |             32 |         5.33 |
|  driverSystem_i/clk_wiz_1/inst/clk_out1                        | driverSystem_i/bnn_axi_0/inst/bnn_axi_slave_lite_v1_0_S00_AXI_inst/image_reg[19][31]_i_1_n_0                                                                                                                   | driverSystem_i/bnn_axi_0/inst/bnn_axi_slave_lite_v1_0_S00_AXI_inst/core/L1/SR[0]                                                                                                                                                       |                9 |             32 |         3.56 |
|  driverSystem_i/clk_wiz_1/inst/clk_out1                        | driverSystem_i/bnn_axi_0/inst/bnn_axi_slave_lite_v1_0_S00_AXI_inst/image_reg[22][31]_i_1_n_0                                                                                                                   | driverSystem_i/bnn_axi_0/inst/bnn_axi_slave_lite_v1_0_S00_AXI_inst/core/L1/SR[0]                                                                                                                                                       |                8 |             32 |         4.00 |
|  driverSystem_i/clk_wiz_1/inst/clk_out1                        | driverSystem_i/bnn_axi_0/inst/bnn_axi_slave_lite_v1_0_S00_AXI_inst/image_reg[24][31]_i_1_n_0                                                                                                                   | driverSystem_i/bnn_axi_0/inst/bnn_axi_slave_lite_v1_0_S00_AXI_inst/core/L1/SR[0]                                                                                                                                                       |               17 |             32 |         1.88 |
|  driverSystem_i/clk_wiz_1/inst/clk_out1                        | driverSystem_i/microblaze_0/U0/MicroBlaze_Core_I/Performance.Core/Decode_I/mem_wait_on_ready_N_carry_or/MUXCY_I/lopt_1                                                                                         | driverSystem_i/microblaze_0/U0/MicroBlaze_Core_I/Performance.Core/Decode_I/SR[0]                                                                                                                                                       |                9 |             32 |         3.56 |
|  driverSystem_i/clk_wiz_1/inst/clk_out1                        | driverSystem_i/bnn_axi_0/inst/bnn_axi_slave_lite_v1_0_S00_AXI_inst/image_reg[4][31]_i_1_n_0                                                                                                                    | driverSystem_i/bnn_axi_0/inst/bnn_axi_slave_lite_v1_0_S00_AXI_inst/core/L1/SR[0]                                                                                                                                                       |                6 |             32 |         5.33 |
|  driverSystem_i/clk_wiz_1/inst/clk_out1                        | driverSystem_i/bnn_axi_0/inst/bnn_axi_slave_lite_v1_0_S00_AXI_inst/image_reg[10][31]_i_1_n_0                                                                                                                   | driverSystem_i/bnn_axi_0/inst/bnn_axi_slave_lite_v1_0_S00_AXI_inst/core/L1/SR[0]                                                                                                                                                       |               11 |             32 |         2.91 |
|  driverSystem_i/clk_wiz_1/inst/clk_out1                        | driverSystem_i/bnn_axi_0/inst/bnn_axi_slave_lite_v1_0_S00_AXI_inst/image_reg[6][31]_i_1_n_0                                                                                                                    | driverSystem_i/bnn_axi_0/inst/bnn_axi_slave_lite_v1_0_S00_AXI_inst/core/L1/SR[0]                                                                                                                                                       |                6 |             32 |         5.33 |
|  driverSystem_i/clk_wiz_1/inst/clk_out1                        | driverSystem_i/bnn_axi_0/inst/bnn_axi_slave_lite_v1_0_S00_AXI_inst/image_reg[1][31]_i_1_n_0                                                                                                                    | driverSystem_i/bnn_axi_0/inst/bnn_axi_slave_lite_v1_0_S00_AXI_inst/core/L1/SR[0]                                                                                                                                                       |                7 |             32 |         4.57 |
|  driverSystem_i/clk_wiz_1/inst/clk_out1                        | driverSystem_i/bnn_axi_0/inst/bnn_axi_slave_lite_v1_0_S00_AXI_inst/image_reg[5][31]_i_1_n_0                                                                                                                    | driverSystem_i/bnn_axi_0/inst/bnn_axi_slave_lite_v1_0_S00_AXI_inst/core/L1/SR[0]                                                                                                                                                       |                8 |             32 |         4.00 |
|  driverSystem_i/clk_wiz_1/inst/clk_out1                        | driverSystem_i/bnn_axi_0/inst/bnn_axi_slave_lite_v1_0_S00_AXI_inst/image_reg[11][31]_i_1_n_0                                                                                                                   | driverSystem_i/bnn_axi_0/inst/bnn_axi_slave_lite_v1_0_S00_AXI_inst/core/L1/SR[0]                                                                                                                                                       |                7 |             32 |         4.57 |
|  driverSystem_i/clk_wiz_1/inst/clk_out1                        | driverSystem_i/bnn_axi_0/inst/bnn_axi_slave_lite_v1_0_S00_AXI_inst/image_reg[21][31]_i_1_n_0                                                                                                                   | driverSystem_i/bnn_axi_0/inst/bnn_axi_slave_lite_v1_0_S00_AXI_inst/core/L1/SR[0]                                                                                                                                                       |                7 |             32 |         4.57 |
|  driverSystem_i/clk_wiz_1/inst/clk_out1                        | driverSystem_i/bnn_axi_0/inst/bnn_axi_slave_lite_v1_0_S00_AXI_inst/image_reg[15][31]_i_1_n_0                                                                                                                   | driverSystem_i/bnn_axi_0/inst/bnn_axi_slave_lite_v1_0_S00_AXI_inst/core/L1/SR[0]                                                                                                                                                       |               11 |             32 |         2.91 |
|  driverSystem_i/clk_wiz_1/inst/clk_out1                        | driverSystem_i/microblaze_0/U0/MicroBlaze_Core_I/Performance.Core/Decode_I/mem_wait_on_ready_N_carry_or/MUXCY_I/lopt_1                                                                                         |                                                                                                                                                                                                                                        |                5 |             32 |         6.40 |
|  driverSystem_i/clk_wiz_1/inst/clk_out1                        | driverSystem_i/microblaze_0/U0/MicroBlaze_Core_I/Performance.Core/Decode_I/Use_MuxCy[3].OF_Piperun_Stage/MUXCY_I/E[0]                                                                                          | driverSystem_i/microblaze_0/U0/MicroBlaze_Core_I/sync_reset                                                                                                                                                                            |                5 |             32 |         6.40 |
|  driverSystem_i/clk_wiz_1/inst/clk_out1                        | driverSystem_i/axi_quad_spi_0/U0/NO_DUAL_QUAD_MODE.QSPI_NORMAL/QSPI_LEGACY_MD_GEN.AXI_LITE_IPIF_I/I_SLAVE_ATTACHMENT/start2                                                                                    | driverSystem_i/axi_quad_spi_0/U0/NO_DUAL_QUAD_MODE.QSPI_NORMAL/QSPI_LEGACY_MD_GEN.AXI_LITE_IPIF_I/I_SLAVE_ATTACHMENT/I_DECODER/cs_ce_clr                                                                                               |                8 |             32 |         4.00 |
|  driverSystem_i/clk_wiz_1/inst/clk_out1                        | driverSystem_i/bnn_axi_0/inst/bnn_axi_slave_lite_v1_0_S00_AXI_inst/image_reg[8][31]_i_1_n_0                                                                                                                    | driverSystem_i/bnn_axi_0/inst/bnn_axi_slave_lite_v1_0_S00_AXI_inst/core/L1/SR[0]                                                                                                                                                       |                8 |             32 |         4.00 |
|  driverSystem_i/clk_wiz_1/inst/clk_out1                        | driverSystem_i/bnn_axi_0/inst/bnn_axi_slave_lite_v1_0_S00_AXI_inst/image_reg[13][31]_i_1_n_0                                                                                                                   | driverSystem_i/bnn_axi_0/inst/bnn_axi_slave_lite_v1_0_S00_AXI_inst/core/L1/SR[0]                                                                                                                                                       |                9 |             32 |         3.56 |
|  driverSystem_i/clk_wiz_1/inst/clk_out1                        | driverSystem_i/microblaze_0/U0/MicroBlaze_Core_I/Performance.Core/Decode_I/PreFetch_Buffer_I1/Gen_Mux_Select_LUT6[1].Gen_Sel_DFF/if_fetch_in_progress_reg[0]                                                   | driverSystem_i/microblaze_0/U0/MicroBlaze_Core_I/sync_reset                                                                                                                                                                            |                7 |             32 |         4.57 |
|  driverSystem_i/clk_wiz_1/inst/clk_out1                        | driverSystem_i/bnn_axi_0/inst/bnn_axi_slave_lite_v1_0_S00_AXI_inst/image_reg[7][31]_i_1_n_0                                                                                                                    | driverSystem_i/bnn_axi_0/inst/bnn_axi_slave_lite_v1_0_S00_AXI_inst/core/L1/SR[0]                                                                                                                                                       |                9 |             32 |         3.56 |
|  driverSystem_i/clk_wiz_1/inst/clk_out1                        | driverSystem_i/microblaze_0/U0/MicroBlaze_Core_I/Performance.Core/Use_Debug_Logic.Master_Core.Debug_Perf/data_rd_reg[0]_i_1_n_0                                                                                | driverSystem_i/microblaze_0/U0/MicroBlaze_Core_I/sync_reset                                                                                                                                                                            |               10 |             32 |         3.20 |
|  driverSystem_i/clk_wiz_1/inst/clk_out1                        |                                                                                                                                                                                                                | driverSystem_i/microblaze_0/U0/MicroBlaze_Core_I/Performance.Core/wb_dlmb_valid_read_data0                                                                                                                                             |               11 |             32 |         2.91 |
|  driverSystem_i/clk_wiz_1/inst/clk_out1                        | driverSystem_i/bnn_axi_0/inst/bnn_axi_slave_lite_v1_0_S00_AXI_inst/image_reg[20][31]_i_1_n_0                                                                                                                   | driverSystem_i/bnn_axi_0/inst/bnn_axi_slave_lite_v1_0_S00_AXI_inst/core/L1/SR[0]                                                                                                                                                       |               11 |             32 |         2.91 |
|  driverSystem_i/clk_wiz_1/inst/clk_out1                        | driverSystem_i/bnn_axi_0/inst/bnn_axi_slave_lite_v1_0_S00_AXI_inst/image_reg[17][31]_i_1_n_0                                                                                                                   | driverSystem_i/bnn_axi_0/inst/bnn_axi_slave_lite_v1_0_S00_AXI_inst/core/L1/SR[0]                                                                                                                                                       |               10 |             32 |         3.20 |
|  driverSystem_i/clk_wiz_1/inst/clk_out1                        | driverSystem_i/bnn_axi_0/inst/bnn_axi_slave_lite_v1_0_S00_AXI_inst/image_reg[16][31]_i_1_n_0                                                                                                                   | driverSystem_i/bnn_axi_0/inst/bnn_axi_slave_lite_v1_0_S00_AXI_inst/core/L1/SR[0]                                                                                                                                                       |               12 |             32 |         2.67 |
|  driverSystem_i/mdm_1/U0/No_Dbg_Reg_Access.BUFG_DRCK/Dbg_Clk_0 | driverSystem_i/microblaze_0/U0/MicroBlaze_Core_I/Performance.Core/Use_Debug_Logic.Master_Core.Debug_Perf/Serial_Dbg_Intf.New_Dbg_Instr_TCK                                                                     |                                                                                                                                                                                                                                        |               10 |             32 |         3.20 |
|  driverSystem_i/clk_wiz_1/inst/clk_out1                        | driverSystem_i/bnn_axi_0/inst/bnn_axi_slave_lite_v1_0_S00_AXI_inst/image_reg[2][31]_i_1_n_0                                                                                                                    | driverSystem_i/bnn_axi_0/inst/bnn_axi_slave_lite_v1_0_S00_AXI_inst/core/L1/SR[0]                                                                                                                                                       |                8 |             32 |         4.00 |
|  driverSystem_i/clk_wiz_1/inst/clk_out1                        | driverSystem_i/bnn_axi_0/inst/bnn_axi_slave_lite_v1_0_S00_AXI_inst/image_reg[0][31]_i_1_n_0                                                                                                                    | driverSystem_i/bnn_axi_0/inst/bnn_axi_slave_lite_v1_0_S00_AXI_inst/core/L1/SR[0]                                                                                                                                                       |                7 |             32 |         4.57 |
|  driverSystem_i/clk_wiz_1/inst/clk_out1                        | driverSystem_i/bnn_axi_0/inst/bnn_axi_slave_lite_v1_0_S00_AXI_inst/image_reg[3][31]_i_1_n_0                                                                                                                    | driverSystem_i/bnn_axi_0/inst/bnn_axi_slave_lite_v1_0_S00_AXI_inst/core/L1/SR[0]                                                                                                                                                       |                8 |             32 |         4.00 |
|  driverSystem_i/clk_wiz_1/inst/clk_out1                        | driverSystem_i/microblaze_0/U0/MicroBlaze_Core_I/Performance.Core/Decode_I/Use_MuxCy[3].OF_Piperun_Stage/MUXCY_I/Using_FPGA.Native_0                                                                           | driverSystem_i/microblaze_0/U0/MicroBlaze_Core_I/Performance.Core/Decode_I/R                                                                                                                                                           |               10 |             32 |         3.20 |
|  driverSystem_i/clk_wiz_1/inst/clk_out1                        | driverSystem_i/axi_smc/inst/sc_ul/inst/gen_axilite_1xn.fanout_inst/s_axi_rvalid_i_reg_0                                                                                                                        | driverSystem_i/microblaze_0/U0/MicroBlaze_Core_I/sync_reset                                                                                                                                                                            |                8 |             32 |         4.00 |
|  driverSystem_i/clk_wiz_1/inst/clk_out1                        | driverSystem_i/axi_smc/inst/sc_ul/inst/gen_axilite_1xn.fanout_inst/r_en                                                                                                                                        |                                                                                                                                                                                                                                        |               15 |             32 |         2.13 |
|  driverSystem_i/clk_wiz_1/inst/clk_out1                        | driverSystem_i/bnn_axi_0/inst/bnn_axi_slave_lite_v1_0_S00_AXI_inst/image_reg[12][31]_i_1_n_0                                                                                                                   | driverSystem_i/bnn_axi_0/inst/bnn_axi_slave_lite_v1_0_S00_AXI_inst/core/L1/SR[0]                                                                                                                                                       |               11 |             32 |         2.91 |
|  driverSystem_i/clk_wiz_1/inst/clk_out1                        | driverSystem_i/bnn_axi_0/inst/bnn_axi_slave_lite_v1_0_S00_AXI_inst/image_reg[23][31]_i_1_n_0                                                                                                                   | driverSystem_i/bnn_axi_0/inst/bnn_axi_slave_lite_v1_0_S00_AXI_inst/core/L1/SR[0]                                                                                                                                                       |                8 |             32 |         4.00 |
|  driverSystem_i/clk_wiz_1/inst/clk_out1                        | driverSystem_i/bnn_axi_0/inst/bnn_axi_slave_lite_v1_0_S00_AXI_inst/image_reg[18][31]_i_1_n_0                                                                                                                   | driverSystem_i/bnn_axi_0/inst/bnn_axi_slave_lite_v1_0_S00_AXI_inst/core/L1/SR[0]                                                                                                                                                       |               11 |             32 |         2.91 |
|  driverSystem_i/clk_wiz_1/inst/clk_out1                        | driverSystem_i/bnn_axi_0/inst/bnn_axi_slave_lite_v1_0_S00_AXI_inst/image_reg[9][31]_i_1_n_0                                                                                                                    | driverSystem_i/bnn_axi_0/inst/bnn_axi_slave_lite_v1_0_S00_AXI_inst/core/L1/SR[0]                                                                                                                                                       |                8 |             32 |         4.00 |
|  driverSystem_i/mdm_1/U0/No_Dbg_Reg_Access.BUFG_DRCK/Dbg_Clk_0 | driverSystem_i/mdm_1/U0/Use_E2.BSCAN_I/Use_E2.BSCANE2_I_0                                                                                                                                                      |                                                                                                                                                                                                                                        |               12 |             47 |         3.92 |
|  driverSystem_i/clk_wiz_1/inst/clk_out1                        |                                                                                                                                                                                                                | driverSystem_i/axi_quad_spi_0/U0/NO_DUAL_QUAD_MODE.QSPI_NORMAL/QSPI_LEGACY_MD_GEN.QSPI_CORE_INTERFACE_I/RESET_SYNC_AXI_SPI_CLK_INST/Rst_to_spi                                                                                         |               11 |             48 |         4.36 |
|  driverSystem_i/clk_wiz_1/inst/clk_out1                        | driverSystem_i/microblaze_0/U0/MicroBlaze_Core_I/Performance.Core/Decode_I/PreFetch_Buffer_I1/Instruction_Prefetch_Mux[42].Instr_Mux_MUXF7/IReady_0                                                            |                                                                                                                                                                                                                                        |               10 |             75 |         7.50 |
|  driverSystem_i/mdm_1/U0/No_Dbg_Reg_Access.BUFG_DRCK/Dbg_Clk_0 |                                                                                                                                                                                                                |                                                                                                                                                                                                                                        |               29 |             80 |         2.76 |
|  driverSystem_i/clk_wiz_1/inst/clk_out1                        |                                                                                                                                                                                                                | driverSystem_i/axi_quad_spi_0/U0/NO_DUAL_QUAD_MODE.QSPI_NORMAL/QSPI_LEGACY_MD_GEN.QSPI_CORE_INTERFACE_I/SOFT_RESET_I/reset2ip_reset_int                                                                                                |               17 |             82 |         4.82 |
|  driverSystem_i/clk_wiz_1/inst/clk_out1                        | driverSystem_i/microblaze_0/U0/MicroBlaze_Core_I/Performance.Core/Decode_I/Use_MuxCy[3].OF_Piperun_Stage/MUXCY_I/Using_FPGA.Native_0                                                                           | driverSystem_i/microblaze_0/U0/MicroBlaze_Core_I/sync_reset                                                                                                                                                                            |               32 |             84 |         2.62 |
|  driverSystem_i/clk_wiz_1/inst/clk_out1                        | driverSystem_i/microblaze_0/U0/MicroBlaze_Core_I/Performance.Core/Decode_I/WB_GPR_Wr                                                                                                                           |                                                                                                                                                                                                                                        |               16 |            128 |         8.00 |
|  driverSystem_i/clk_wiz_1/inst/clk_out1                        |                                                                                                                                                                                                                | driverSystem_i/microblaze_0/U0/MicroBlaze_Core_I/sync_reset                                                                                                                                                                            |               68 |            150 |         2.21 |
|  driverSystem_i/clk_wiz_1/inst/clk_out1                        | driverSystem_i/microblaze_0/U0/MicroBlaze_Core_I/Performance.Core/Decode_I/Use_MuxCy[11].OF_Piperun_Stage/MUXCY_I/Using_FPGA.Native_0                                                                          | driverSystem_i/microblaze_0/U0/MicroBlaze_Core_I/sync_reset                                                                                                                                                                            |               74 |            218 |         2.95 |
|  driverSystem_i/clk_wiz_1/inst/clk_out1                        | driverSystem_i/bnn_axi_0/inst/bnn_axi_slave_lite_v1_0_S00_AXI_inst/core/L3/input_reg[255]_i_1_n_0                                                                                                              |                                                                                                                                                                                                                                        |               44 |            256 |         5.82 |
|  driverSystem_i/clk_wiz_1/inst/clk_out1                        | driverSystem_i/bnn_axi_0/inst/bnn_axi_slave_lite_v1_0_S00_AXI_inst/core/L2/input_reg[255]_i_1__0_n_0                                                                                                           |                                                                                                                                                                                                                                        |               55 |            256 |         4.65 |
|  driverSystem_i/clk_wiz_1/inst/clk_out1                        | driverSystem_i/bnn_axi_0/inst/bnn_axi_slave_lite_v1_0_S00_AXI_inst/core/L1/input_reg[783]_i_1_n_0                                                                                                              |                                                                                                                                                                                                                                        |              163 |            784 |         4.81 |
|  driverSystem_i/clk_wiz_1/inst/clk_out1                        |                                                                                                                                                                                                                |                                                                                                                                                                                                                                        |              347 |            985 |         2.84 |
+----------------------------------------------------------------+----------------------------------------------------------------------------------------------------------------------------------------------------------------------------------------------------------------+----------------------------------------------------------------------------------------------------------------------------------------------------------------------------------------------------------------------------------------+------------------+----------------+--------------+


