
*** Running vivado
    with args -log driverSystem_lmb_bram_0.vds -m64 -product Vivado -mode batch -messageDb vivado.pb -notrace -source driverSystem_lmb_bram_0.tcl


INFO: [Common 17-3922] A valid Vivado Design Suite BASIC license has been detected. Your current license is active and will expire on 15-jul-2027.
#-----------------------------------------------------------
# Vivado v2026.1 (64-bit)
# SW Build 6511674 on Tue Jun 16 11:02:23 MDT 2026
# IP Build 6504888 on Tue Jun 09 09:05:25 MDT 2026
# SharedData Build 6501428 on Mon Jun 08 17:34:18 MDT 2026
# Start of session at: Sun Jul 26 14:39:51 2026
# Process ID         : 36068
# Current directory  : C:/Projects/AmbitiousProjects/ILI9341Driver/driverSoC/driverSoC.runs/driverSystem_lmb_bram_0_synth_1
# Command line       : vivado.exe -log driverSystem_lmb_bram_0.vds -product Vivado -mode batch -messageDb vivado.pb -notrace -source driverSystem_lmb_bram_0.tcl
# Log file           : C:/Projects/AmbitiousProjects/ILI9341Driver/driverSoC/driverSoC.runs/driverSystem_lmb_bram_0_synth_1/driverSystem_lmb_bram_0.vds
# Journal file       : C:/Projects/AmbitiousProjects/ILI9341Driver/driverSoC/driverSoC.runs/driverSystem_lmb_bram_0_synth_1\vivado.jou
# Running On         : LAPTOP-E4LD1OHV
# Platform           : Windows 11
# Operating System   : 26200
# Processor Detail   : AMD Ryzen 7 8845HS w/ Radeon 780M Graphics
# CPU Frequency      : 3793 MHz
# CPU Physical cores : 8
# CPU Logical cores  : 16
# Host memory        : 16438 MB
# Swap memory        : 24715 MB
# Total Virtual      : 41154 MB
# Available Virtual  : 16464 MB
#-----------------------------------------------------------

****** Vivado v2026.1 (64-bit)
  **** SW Build 6511674 on Tue Jun 16 11:02:23 MDT 2026
  **** IP Build 6504888 on Tue Jun 09 09:05:25 MDT 2026
  **** SharedData Build 6501428 on Mon Jun 08 17:34:18 MDT 2026
  **** Start of session at: Sun Jul 26 14:39:51 2026
    ** Copyright 1986-2022 Xilinx, Inc. All Rights Reserved.
    ** Copyright 2022-2026 Advanced Micro Devices, Inc. All Rights Reserved.

source driverSystem_lmb_bram_0.tcl -notrace
create_project: Time (s): cpu = 00:00:20 ; elapsed = 00:00:14 . Memory (MB): peak = 625.992 ; gain = 302.547
Command: synth_design -top driverSystem_lmb_bram_0 -part xc7s25csga324-1 -incremental_mode off -mode out_of_context
Starting synth_design
Attempting to get a license for feature 'Vivado_Synthesis' and/or device 'xc7s25'
INFO: [Common 17-349] Got license for feature 'Vivado_Synthesis' and/or device 'xc7s25'
INFO: [Device 21-403] Loading part xc7s25csga324-1
INFO: [Designutils 20-5008] Incremental synthesis strategy off
INFO: [Synth 8-7079] Multithreading enabled for synth_design using a maximum of 2 processes.
INFO: [Synth 8-7078] Launching helper process for spawning children vivado processes
INFO: [Synth 8-7075] Helper process launched with PID 38072
---------------------------------------------------------------------------------
Starting RTL Elaboration : Time (s): cpu = 00:00:11 ; elapsed = 00:00:13 . Memory (MB): peak = 1370.941 ; gain = 576.824
---------------------------------------------------------------------------------
INFO: [Synth 8-638] synthesizing module 'driverSystem_lmb_bram_0' [c:/Projects/AmbitiousProjects/ILI9341Driver/driverSoC/driverSoC.gen/sources_1/bd/driverSystem/ip/driverSystem_lmb_bram_0/synth/driverSystem_lmb_bram_0.vhd:80]
	Parameter C_FAMILY bound to: spartan7 - type: string 
	Parameter C_XDEVICEFAMILY bound to: spartan7 - type: string 
	Parameter C_ELABORATION_DIR bound to: ./ - type: string 
	Parameter C_INTERFACE_TYPE bound to: 0 - type: integer 
	Parameter C_AXI_TYPE bound to: 1 - type: integer 
	Parameter C_AXI_SLAVE_TYPE bound to: 0 - type: integer 
	Parameter C_USE_BRAM_BLOCK bound to: 1 - type: integer 
	Parameter C_ENABLE_32BIT_ADDRESS bound to: 1 - type: integer 
	Parameter C_CTRL_ECC_ALGO bound to: NONE - type: string 
	Parameter C_HAS_AXI_ID bound to: 0 - type: integer 
	Parameter C_AXI_ID_WIDTH bound to: 4 - type: integer 
	Parameter C_MEM_TYPE bound to: 2 - type: integer 
	Parameter C_BYTE_SIZE bound to: 8 - type: integer 
	Parameter C_ALGORITHM bound to: 1 - type: integer 
	Parameter C_PRIM_TYPE bound to: 1 - type: integer 
	Parameter C_LOAD_INIT_FILE bound to: 0 - type: integer 
	Parameter C_INIT_FILE_NAME bound to: no_coe_file_loaded - type: string 
	Parameter C_INIT_FILE bound to: driverSystem_lmb_bram_0.mem - type: string 
	Parameter C_USE_DEFAULT_DATA bound to: 0 - type: integer 
	Parameter C_DEFAULT_DATA bound to: 0 - type: string 
	Parameter C_HAS_RSTA bound to: 1 - type: integer 
	Parameter C_RST_PRIORITY_A bound to: CE - type: string 
	Parameter C_RSTRAM_A bound to: 0 - type: integer 
	Parameter C_INITA_VAL bound to: 0 - type: string 
	Parameter C_HAS_ENA bound to: 1 - type: integer 
	Parameter C_HAS_REGCEA bound to: 0 - type: integer 
	Parameter C_USE_BYTE_WEA bound to: 1 - type: integer 
	Parameter C_WEA_WIDTH bound to: 4 - type: integer 
	Parameter C_WRITE_MODE_A bound to: WRITE_FIRST - type: string 
	Parameter C_WRITE_WIDTH_A bound to: 32 - type: integer 
	Parameter C_READ_WIDTH_A bound to: 32 - type: integer 
	Parameter C_WRITE_DEPTH_A bound to: 16384 - type: integer 
	Parameter C_READ_DEPTH_A bound to: 16384 - type: integer 
	Parameter C_ADDRA_WIDTH bound to: 32 - type: integer 
	Parameter C_HAS_RSTB bound to: 1 - type: integer 
	Parameter C_RST_PRIORITY_B bound to: CE - type: string 
	Parameter C_RSTRAM_B bound to: 0 - type: integer 
	Parameter C_INITB_VAL bound to: 0 - type: string 
	Parameter C_HAS_ENB bound to: 1 - type: integer 
	Parameter C_HAS_REGCEB bound to: 0 - type: integer 
	Parameter C_USE_BYTE_WEB bound to: 1 - type: integer 
	Parameter C_WEB_WIDTH bound to: 4 - type: integer 
	Parameter C_WRITE_MODE_B bound to: WRITE_FIRST - type: string 
	Parameter C_WRITE_WIDTH_B bound to: 32 - type: integer 
	Parameter C_READ_WIDTH_B bound to: 32 - type: integer 
	Parameter C_WRITE_DEPTH_B bound to: 16384 - type: integer 
	Parameter C_READ_DEPTH_B bound to: 16384 - type: integer 
	Parameter C_ADDRB_WIDTH bound to: 32 - type: integer 
	Parameter C_HAS_MEM_OUTPUT_REGS_A bound to: 0 - type: integer 
	Parameter C_HAS_MEM_OUTPUT_REGS_B bound to: 0 - type: integer 
	Parameter C_HAS_MUX_OUTPUT_REGS_A bound to: 0 - type: integer 
	Parameter C_HAS_MUX_OUTPUT_REGS_B bound to: 0 - type: integer 
	Parameter C_MUX_PIPELINE_STAGES bound to: 0 - type: integer 
	Parameter C_HAS_SOFTECC_INPUT_REGS_A bound to: 0 - type: integer 
	Parameter C_HAS_SOFTECC_OUTPUT_REGS_B bound to: 0 - type: integer 
	Parameter C_USE_SOFTECC bound to: 0 - type: integer 
	Parameter C_USE_ECC bound to: 0 - type: integer 
	Parameter C_EN_ECC_PIPE bound to: 0 - type: integer 
	Parameter C_READ_LATENCY_A bound to: 1 - type: integer 
	Parameter C_READ_LATENCY_B bound to: 1 - type: integer 
	Parameter C_HAS_INJECTERR bound to: 0 - type: integer 
	Parameter C_SIM_COLLISION_CHECK bound to: ALL - type: string 
	Parameter C_COMMON_CLK bound to: 0 - type: integer 
	Parameter C_DISABLE_WARN_BHV_COLL bound to: 0 - type: integer 
	Parameter C_EN_SLEEP_PIN bound to: 0 - type: integer 
	Parameter C_USE_URAM bound to: 0 - type: integer 
	Parameter C_EN_RDADDRA_CHG bound to: 0 - type: integer 
	Parameter C_EN_RDADDRB_CHG bound to: 0 - type: integer 
	Parameter C_EN_DEEPSLEEP_PIN bound to: 0 - type: integer 
	Parameter C_EN_SHUTDOWN_PIN bound to: 0 - type: integer 
	Parameter C_EN_SAFETY_CKT bound to: 1 - type: integer 
	Parameter C_DISABLE_WARN_BHV_RANGE bound to: 0 - type: integer 
	Parameter C_COUNT_36K_BRAM bound to: 16 - type: string 
	Parameter C_COUNT_18K_BRAM bound to: 0 - type: string 
	Parameter C_MEMORY_OPTIMIZATION bound to: 1 - type: integer 
	Parameter C_EST_POWER_SUMMARY bound to: Estimated Power for IP     :     20.388 mW - type: string 
INFO: [Synth 8-3491] module 'blk_mem_gen_v8_4_13' declared at 'c:/Projects/AmbitiousProjects/ILI9341Driver/driverSoC/driverSoC.gen/sources_1/bd/driverSystem/ipshared/59f9/hdl/blk_mem_gen_v8_4_syn_rfs.vhd:195225' bound to instance 'U0' of component 'blk_mem_gen_v8_4_13' [c:/Projects/AmbitiousProjects/ILI9341Driver/driverSoC/driverSoC.gen/sources_1/bd/driverSystem/ip/driverSystem_lmb_bram_0/synth/driverSystem_lmb_bram_0.vhd:259]
INFO: [Synth 8-256] done synthesizing module 'driverSystem_lmb_bram_0' (0#1) [c:/Projects/AmbitiousProjects/ILI9341Driver/driverSoC/driverSoC.gen/sources_1/bd/driverSystem/ip/driverSystem_lmb_bram_0/synth/driverSystem_lmb_bram_0.vhd:80]
INFO: [Synth 8-7129] Port CLKB in module blk_mem_output_block is either unconnected or has no load
INFO: [Synth 8-7129] Port SBITERR_I in module blk_mem_output_block is either unconnected or has no load
INFO: [Synth 8-7129] Port DBITERR_I in module blk_mem_output_block is either unconnected or has no load
INFO: [Synth 8-7129] Port RDADDRECC_I[13] in module blk_mem_output_block is either unconnected or has no load
INFO: [Synth 8-7129] Port RDADDRECC_I[12] in module blk_mem_output_block is either unconnected or has no load
INFO: [Synth 8-7129] Port RDADDRECC_I[11] in module blk_mem_output_block is either unconnected or has no load
INFO: [Synth 8-7129] Port RDADDRECC_I[10] in module blk_mem_output_block is either unconnected or has no load
INFO: [Synth 8-7129] Port RDADDRECC_I[9] in module blk_mem_output_block is either unconnected or has no load
INFO: [Synth 8-7129] Port RDADDRECC_I[8] in module blk_mem_output_block is either unconnected or has no load
INFO: [Synth 8-7129] Port RDADDRECC_I[7] in module blk_mem_output_block is either unconnected or has no load
INFO: [Synth 8-7129] Port RDADDRECC_I[6] in module blk_mem_output_block is either unconnected or has no load
INFO: [Synth 8-7129] Port RDADDRECC_I[5] in module blk_mem_output_block is either unconnected or has no load
INFO: [Synth 8-7129] Port RDADDRECC_I[4] in module blk_mem_output_block is either unconnected or has no load
INFO: [Synth 8-7129] Port RDADDRECC_I[3] in module blk_mem_output_block is either unconnected or has no load
INFO: [Synth 8-7129] Port RDADDRECC_I[2] in module blk_mem_output_block is either unconnected or has no load
INFO: [Synth 8-7129] Port RDADDRECC_I[1] in module blk_mem_output_block is either unconnected or has no load
INFO: [Synth 8-7129] Port RDADDRECC_I[0] in module blk_mem_output_block is either unconnected or has no load
INFO: [Synth 8-7129] Port SBITERR in module blk_mem_gen_prim_wrapper__parameterized14 is either unconnected or has no load
INFO: [Synth 8-7129] Port DBITERR in module blk_mem_gen_prim_wrapper__parameterized14 is either unconnected or has no load
INFO: [Synth 8-7129] Port SSRA in module blk_mem_gen_prim_wrapper__parameterized14 is either unconnected or has no load
INFO: [Synth 8-7129] Port SSRB in module blk_mem_gen_prim_wrapper__parameterized14 is either unconnected or has no load
INFO: [Synth 8-7129] Port SLEEP in module blk_mem_gen_prim_wrapper__parameterized14 is either unconnected or has no load
INFO: [Synth 8-7129] Port INJECTSBITERR in module blk_mem_gen_prim_wrapper__parameterized14 is either unconnected or has no load
INFO: [Synth 8-7129] Port INJECTDBITERR in module blk_mem_gen_prim_wrapper__parameterized14 is either unconnected or has no load
INFO: [Synth 8-7129] Port ECCPIPECE in module blk_mem_gen_prim_wrapper__parameterized14 is either unconnected or has no load
INFO: [Synth 8-7129] Port SBITERR in module blk_mem_gen_prim_wrapper__parameterized13 is either unconnected or has no load
INFO: [Synth 8-7129] Port DBITERR in module blk_mem_gen_prim_wrapper__parameterized13 is either unconnected or has no load
INFO: [Synth 8-7129] Port SSRA in module blk_mem_gen_prim_wrapper__parameterized13 is either unconnected or has no load
INFO: [Synth 8-7129] Port SSRB in module blk_mem_gen_prim_wrapper__parameterized13 is either unconnected or has no load
INFO: [Synth 8-7129] Port SLEEP in module blk_mem_gen_prim_wrapper__parameterized13 is either unconnected or has no load
INFO: [Synth 8-7129] Port INJECTSBITERR in module blk_mem_gen_prim_wrapper__parameterized13 is either unconnected or has no load
INFO: [Synth 8-7129] Port INJECTDBITERR in module blk_mem_gen_prim_wrapper__parameterized13 is either unconnected or has no load
INFO: [Synth 8-7129] Port ECCPIPECE in module blk_mem_gen_prim_wrapper__parameterized13 is either unconnected or has no load
INFO: [Synth 8-7129] Port SBITERR in module blk_mem_gen_prim_wrapper__parameterized12 is either unconnected or has no load
INFO: [Synth 8-7129] Port DBITERR in module blk_mem_gen_prim_wrapper__parameterized12 is either unconnected or has no load
INFO: [Synth 8-7129] Port SSRA in module blk_mem_gen_prim_wrapper__parameterized12 is either unconnected or has no load
INFO: [Synth 8-7129] Port SSRB in module blk_mem_gen_prim_wrapper__parameterized12 is either unconnected or has no load
INFO: [Synth 8-7129] Port SLEEP in module blk_mem_gen_prim_wrapper__parameterized12 is either unconnected or has no load
INFO: [Synth 8-7129] Port INJECTSBITERR in module blk_mem_gen_prim_wrapper__parameterized12 is either unconnected or has no load
INFO: [Synth 8-7129] Port INJECTDBITERR in module blk_mem_gen_prim_wrapper__parameterized12 is either unconnected or has no load
INFO: [Synth 8-7129] Port ECCPIPECE in module blk_mem_gen_prim_wrapper__parameterized12 is either unconnected or has no load
INFO: [Synth 8-7129] Port SBITERR in module blk_mem_gen_prim_wrapper__parameterized11 is either unconnected or has no load
INFO: [Synth 8-7129] Port DBITERR in module blk_mem_gen_prim_wrapper__parameterized11 is either unconnected or has no load
INFO: [Synth 8-7129] Port SSRA in module blk_mem_gen_prim_wrapper__parameterized11 is either unconnected or has no load
INFO: [Synth 8-7129] Port SSRB in module blk_mem_gen_prim_wrapper__parameterized11 is either unconnected or has no load
INFO: [Synth 8-7129] Port SLEEP in module blk_mem_gen_prim_wrapper__parameterized11 is either unconnected or has no load
INFO: [Synth 8-7129] Port INJECTSBITERR in module blk_mem_gen_prim_wrapper__parameterized11 is either unconnected or has no load
INFO: [Synth 8-7129] Port INJECTDBITERR in module blk_mem_gen_prim_wrapper__parameterized11 is either unconnected or has no load
INFO: [Synth 8-7129] Port ECCPIPECE in module blk_mem_gen_prim_wrapper__parameterized11 is either unconnected or has no load
INFO: [Synth 8-7129] Port SBITERR in module blk_mem_gen_prim_wrapper__parameterized10 is either unconnected or has no load
INFO: [Synth 8-7129] Port DBITERR in module blk_mem_gen_prim_wrapper__parameterized10 is either unconnected or has no load
INFO: [Synth 8-7129] Port SSRA in module blk_mem_gen_prim_wrapper__parameterized10 is either unconnected or has no load
INFO: [Synth 8-7129] Port SSRB in module blk_mem_gen_prim_wrapper__parameterized10 is either unconnected or has no load
INFO: [Synth 8-7129] Port SLEEP in module blk_mem_gen_prim_wrapper__parameterized10 is either unconnected or has no load
INFO: [Synth 8-7129] Port INJECTSBITERR in module blk_mem_gen_prim_wrapper__parameterized10 is either unconnected or has no load
INFO: [Synth 8-7129] Port INJECTDBITERR in module blk_mem_gen_prim_wrapper__parameterized10 is either unconnected or has no load
INFO: [Synth 8-7129] Port ECCPIPECE in module blk_mem_gen_prim_wrapper__parameterized10 is either unconnected or has no load
INFO: [Synth 8-7129] Port SBITERR in module blk_mem_gen_prim_wrapper__parameterized9 is either unconnected or has no load
INFO: [Synth 8-7129] Port DBITERR in module blk_mem_gen_prim_wrapper__parameterized9 is either unconnected or has no load
INFO: [Synth 8-7129] Port SSRA in module blk_mem_gen_prim_wrapper__parameterized9 is either unconnected or has no load
INFO: [Synth 8-7129] Port SSRB in module blk_mem_gen_prim_wrapper__parameterized9 is either unconnected or has no load
INFO: [Synth 8-7129] Port SLEEP in module blk_mem_gen_prim_wrapper__parameterized9 is either unconnected or has no load
INFO: [Synth 8-7129] Port INJECTSBITERR in module blk_mem_gen_prim_wrapper__parameterized9 is either unconnected or has no load
INFO: [Synth 8-7129] Port INJECTDBITERR in module blk_mem_gen_prim_wrapper__parameterized9 is either unconnected or has no load
INFO: [Synth 8-7129] Port ECCPIPECE in module blk_mem_gen_prim_wrapper__parameterized9 is either unconnected or has no load
INFO: [Synth 8-7129] Port SBITERR in module blk_mem_gen_prim_wrapper__parameterized8 is either unconnected or has no load
INFO: [Synth 8-7129] Port DBITERR in module blk_mem_gen_prim_wrapper__parameterized8 is either unconnected or has no load
INFO: [Synth 8-7129] Port SSRA in module blk_mem_gen_prim_wrapper__parameterized8 is either unconnected or has no load
INFO: [Synth 8-7129] Port SSRB in module blk_mem_gen_prim_wrapper__parameterized8 is either unconnected or has no load
INFO: [Synth 8-7129] Port SLEEP in module blk_mem_gen_prim_wrapper__parameterized8 is either unconnected or has no load
INFO: [Synth 8-7129] Port INJECTSBITERR in module blk_mem_gen_prim_wrapper__parameterized8 is either unconnected or has no load
INFO: [Synth 8-7129] Port INJECTDBITERR in module blk_mem_gen_prim_wrapper__parameterized8 is either unconnected or has no load
INFO: [Synth 8-7129] Port ECCPIPECE in module blk_mem_gen_prim_wrapper__parameterized8 is either unconnected or has no load
INFO: [Synth 8-7129] Port SBITERR in module blk_mem_gen_prim_wrapper__parameterized7 is either unconnected or has no load
INFO: [Synth 8-7129] Port DBITERR in module blk_mem_gen_prim_wrapper__parameterized7 is either unconnected or has no load
INFO: [Synth 8-7129] Port SSRA in module blk_mem_gen_prim_wrapper__parameterized7 is either unconnected or has no load
INFO: [Synth 8-7129] Port SSRB in module blk_mem_gen_prim_wrapper__parameterized7 is either unconnected or has no load
INFO: [Synth 8-7129] Port SLEEP in module blk_mem_gen_prim_wrapper__parameterized7 is either unconnected or has no load
INFO: [Synth 8-7129] Port INJECTSBITERR in module blk_mem_gen_prim_wrapper__parameterized7 is either unconnected or has no load
INFO: [Synth 8-7129] Port INJECTDBITERR in module blk_mem_gen_prim_wrapper__parameterized7 is either unconnected or has no load
INFO: [Synth 8-7129] Port ECCPIPECE in module blk_mem_gen_prim_wrapper__parameterized7 is either unconnected or has no load
INFO: [Synth 8-7129] Port SBITERR in module blk_mem_gen_prim_wrapper__parameterized6 is either unconnected or has no load
INFO: [Synth 8-7129] Port DBITERR in module blk_mem_gen_prim_wrapper__parameterized6 is either unconnected or has no load
INFO: [Synth 8-7129] Port SSRA in module blk_mem_gen_prim_wrapper__parameterized6 is either unconnected or has no load
INFO: [Synth 8-7129] Port SSRB in module blk_mem_gen_prim_wrapper__parameterized6 is either unconnected or has no load
INFO: [Synth 8-7129] Port SLEEP in module blk_mem_gen_prim_wrapper__parameterized6 is either unconnected or has no load
INFO: [Synth 8-7129] Port INJECTSBITERR in module blk_mem_gen_prim_wrapper__parameterized6 is either unconnected or has no load
INFO: [Synth 8-7129] Port INJECTDBITERR in module blk_mem_gen_prim_wrapper__parameterized6 is either unconnected or has no load
INFO: [Synth 8-7129] Port ECCPIPECE in module blk_mem_gen_prim_wrapper__parameterized6 is either unconnected or has no load
INFO: [Synth 8-7129] Port SBITERR in module blk_mem_gen_prim_wrapper__parameterized5 is either unconnected or has no load
INFO: [Synth 8-7129] Port DBITERR in module blk_mem_gen_prim_wrapper__parameterized5 is either unconnected or has no load
INFO: [Synth 8-7129] Port SSRA in module blk_mem_gen_prim_wrapper__parameterized5 is either unconnected or has no load
INFO: [Synth 8-7129] Port SSRB in module blk_mem_gen_prim_wrapper__parameterized5 is either unconnected or has no load
INFO: [Synth 8-7129] Port SLEEP in module blk_mem_gen_prim_wrapper__parameterized5 is either unconnected or has no load
INFO: [Synth 8-7129] Port INJECTSBITERR in module blk_mem_gen_prim_wrapper__parameterized5 is either unconnected or has no load
INFO: [Synth 8-7129] Port INJECTDBITERR in module blk_mem_gen_prim_wrapper__parameterized5 is either unconnected or has no load
INFO: [Synth 8-7129] Port ECCPIPECE in module blk_mem_gen_prim_wrapper__parameterized5 is either unconnected or has no load
INFO: [Synth 8-7129] Port SBITERR in module blk_mem_gen_prim_wrapper__parameterized4 is either unconnected or has no load
INFO: [Synth 8-7129] Port DBITERR in module blk_mem_gen_prim_wrapper__parameterized4 is either unconnected or has no load
INFO: [Synth 8-7129] Port SSRA in module blk_mem_gen_prim_wrapper__parameterized4 is either unconnected or has no load
INFO: [Common 17-14] Message 'Synth 8-7129' appears 100 times and further instances of the messages will be disabled. Use the Tcl command set_msg_config to change the current settings.
---------------------------------------------------------------------------------
Finished RTL Elaboration : Time (s): cpu = 00:00:22 ; elapsed = 00:00:26 . Memory (MB): peak = 1772.008 ; gain = 977.891
---------------------------------------------------------------------------------
---------------------------------------------------------------------------------
Start Handling Custom Attributes
---------------------------------------------------------------------------------
---------------------------------------------------------------------------------
Finished Handling Custom Attributes : Time (s): cpu = 00:00:23 ; elapsed = 00:00:26 . Memory (MB): peak = 1772.008 ; gain = 977.891
---------------------------------------------------------------------------------
---------------------------------------------------------------------------------
Finished RTL Optimization Phase 1 : Time (s): cpu = 00:00:23 ; elapsed = 00:00:26 . Memory (MB): peak = 1772.008 ; gain = 977.891
---------------------------------------------------------------------------------
Netlist sorting complete. Time (s): cpu = 00:00:00 ; elapsed = 00:00:00.009 . Memory (MB): peak = 1772.008 ; gain = 0.000
INFO: [Netlist 29-17] Analyzing 16 Unisim elements for replacement
INFO: [Netlist 29-28] Unisim Transformation completed in 0 CPU seconds
INFO: [Project 1-570] Preparing netlist for logic optimization

Processing XDC Constraints
Initializing timing engine
Parsing XDC File [c:/Projects/AmbitiousProjects/ILI9341Driver/driverSoC/driverSoC.gen/sources_1/bd/driverSystem/ip/driverSystem_lmb_bram_0/driverSystem_lmb_bram_0_ooc.xdc] for cell 'U0'
Finished Parsing XDC File [c:/Projects/AmbitiousProjects/ILI9341Driver/driverSoC/driverSoC.gen/sources_1/bd/driverSystem/ip/driverSystem_lmb_bram_0/driverSystem_lmb_bram_0_ooc.xdc] for cell 'U0'
Parsing XDC File [C:/Projects/AmbitiousProjects/ILI9341Driver/driverSoC/driverSoC.runs/driverSystem_lmb_bram_0_synth_1/dont_touch.xdc]
Finished Parsing XDC File [C:/Projects/AmbitiousProjects/ILI9341Driver/driverSoC/driverSoC.runs/driverSystem_lmb_bram_0_synth_1/dont_touch.xdc]
Completed Processing XDC Constraints

Netlist sorting complete. Time (s): cpu = 00:00:00 ; elapsed = 00:00:00 . Memory (MB): peak = 1774.281 ; gain = 0.000
INFO: [Project 1-111] Unisim Transformation Summary:
No Unisim elements were transformed.

Constraint Validation Runtime : Time (s): cpu = 00:00:00 ; elapsed = 00:00:00.068 . Memory (MB): peak = 1775.934 ; gain = 0.000
INFO: [Designutils 20-5008] Incremental synthesis strategy off
---------------------------------------------------------------------------------
Finished Constraint Validation : Time (s): cpu = 00:00:35 ; elapsed = 00:00:38 . Memory (MB): peak = 1775.934 ; gain = 981.816
---------------------------------------------------------------------------------
---------------------------------------------------------------------------------
Start Loading Part and Timing Information
---------------------------------------------------------------------------------
Loading part: xc7s25csga324-1
---------------------------------------------------------------------------------
Finished Loading Part and Timing Information : Time (s): cpu = 00:00:35 ; elapsed = 00:00:38 . Memory (MB): peak = 1775.934 ; gain = 981.816
---------------------------------------------------------------------------------
---------------------------------------------------------------------------------
Start Applying 'set_property' XDC Constraints
---------------------------------------------------------------------------------
---------------------------------------------------------------------------------
Finished applying 'set_property' XDC Constraints : Time (s): cpu = 00:00:35 ; elapsed = 00:00:38 . Memory (MB): peak = 1775.934 ; gain = 981.816
---------------------------------------------------------------------------------
---------------------------------------------------------------------------------
Finished RTL Optimization Phase 2 : Time (s): cpu = 00:00:35 ; elapsed = 00:00:39 . Memory (MB): peak = 1775.934 ; gain = 981.816
---------------------------------------------------------------------------------
---------------------------------------------------------------------------------
Start RTL Component Statistics 
---------------------------------------------------------------------------------
---------------------------------------------------------------------------------
Finished RTL Component Statistics 
---------------------------------------------------------------------------------
---------------------------------------------------------------------------------
Start Part Resource Summary
---------------------------------------------------------------------------------
Part Resources:
DSPs: 80 (col length:40)
BRAMs: 90 (col length: RAMB18 40 RAMB36 20)
---------------------------------------------------------------------------------
Finished Part Resource Summary
---------------------------------------------------------------------------------
---------------------------------------------------------------------------------
Start Cross Boundary and Area Optimization
---------------------------------------------------------------------------------
---------------------------------------------------------------------------------
Finished Cross Boundary and Area Optimization : Time (s): cpu = 00:00:38 ; elapsed = 00:00:42 . Memory (MB): peak = 1775.934 ; gain = 981.816
---------------------------------------------------------------------------------
---------------------------------------------------------------------------------
Start Applying XDC Timing Constraints
---------------------------------------------------------------------------------
---------------------------------------------------------------------------------
Finished Applying XDC Timing Constraints : Time (s): cpu = 00:00:44 ; elapsed = 00:00:49 . Memory (MB): peak = 1775.934 ; gain = 981.816
---------------------------------------------------------------------------------
---------------------------------------------------------------------------------
Start Timing Optimization
---------------------------------------------------------------------------------
---------------------------------------------------------------------------------
Finished Timing Optimization : Time (s): cpu = 00:00:44 ; elapsed = 00:00:49 . Memory (MB): peak = 1775.934 ; gain = 981.816
---------------------------------------------------------------------------------
---------------------------------------------------------------------------------
Start Technology Mapping
---------------------------------------------------------------------------------
---------------------------------------------------------------------------------
Finished Technology Mapping : Time (s): cpu = 00:00:45 ; elapsed = 00:00:49 . Memory (MB): peak = 1784.680 ; gain = 990.562
---------------------------------------------------------------------------------
---------------------------------------------------------------------------------
Start IO Insertion
---------------------------------------------------------------------------------
---------------------------------------------------------------------------------
Start Flattening Before IO Insertion
---------------------------------------------------------------------------------
---------------------------------------------------------------------------------
Finished Flattening Before IO Insertion
---------------------------------------------------------------------------------
---------------------------------------------------------------------------------
Start Final Netlist Cleanup
---------------------------------------------------------------------------------
---------------------------------------------------------------------------------
Finished Final Netlist Cleanup
---------------------------------------------------------------------------------
---------------------------------------------------------------------------------
Finished IO Insertion : Time (s): cpu = 00:00:51 ; elapsed = 00:00:55 . Memory (MB): peak = 2050.680 ; gain = 1256.562
---------------------------------------------------------------------------------
---------------------------------------------------------------------------------
Start Renaming Generated Instances
---------------------------------------------------------------------------------
---------------------------------------------------------------------------------
Finished Renaming Generated Instances : Time (s): cpu = 00:00:51 ; elapsed = 00:00:55 . Memory (MB): peak = 2050.680 ; gain = 1256.562
---------------------------------------------------------------------------------
---------------------------------------------------------------------------------
Start Rebuilding User Hierarchy
---------------------------------------------------------------------------------
---------------------------------------------------------------------------------
Finished Rebuilding User Hierarchy : Time (s): cpu = 00:00:51 ; elapsed = 00:00:55 . Memory (MB): peak = 2050.680 ; gain = 1256.562
---------------------------------------------------------------------------------
---------------------------------------------------------------------------------
Start Renaming Generated Ports
---------------------------------------------------------------------------------
---------------------------------------------------------------------------------
Finished Renaming Generated Ports : Time (s): cpu = 00:00:51 ; elapsed = 00:00:55 . Memory (MB): peak = 2050.680 ; gain = 1256.562
---------------------------------------------------------------------------------
---------------------------------------------------------------------------------
Start Handling Custom Attributes
---------------------------------------------------------------------------------
---------------------------------------------------------------------------------
Finished Handling Custom Attributes : Time (s): cpu = 00:00:51 ; elapsed = 00:00:55 . Memory (MB): peak = 2050.680 ; gain = 1256.562
---------------------------------------------------------------------------------
---------------------------------------------------------------------------------
Start Renaming Generated Nets
---------------------------------------------------------------------------------
---------------------------------------------------------------------------------
Finished Renaming Generated Nets : Time (s): cpu = 00:00:51 ; elapsed = 00:00:55 . Memory (MB): peak = 2050.680 ; gain = 1256.562
---------------------------------------------------------------------------------
---------------------------------------------------------------------------------
Start Writing Synthesis Report
---------------------------------------------------------------------------------

Report BlackBoxes: 
+-+--------------+----------+
| |BlackBox name |Instances |
+-+--------------+----------+
+-+--------------+----------+

Report Cell Usage: 
+------+---------+------+
|      |Cell     |Count |
+------+---------+------+
|1     |LUT2     |     6|
|2     |LUT4     |     2|
|3     |RAMB36E1 |    16|
|4     |SRL16E   |     2|
|5     |FDRE     |    12|
+------+---------+------+
---------------------------------------------------------------------------------
Finished Writing Synthesis Report : Time (s): cpu = 00:00:51 ; elapsed = 00:00:55 . Memory (MB): peak = 2050.680 ; gain = 1256.562
---------------------------------------------------------------------------------
Synthesis finished with 0 errors, 0 critical warnings and 0 warnings.
Synthesis Optimization Runtime : Time (s): cpu = 00:00:26 ; elapsed = 00:00:53 . Memory (MB): peak = 2050.680 ; gain = 1252.637
Synthesis Optimization Complete : Time (s): cpu = 00:00:51 ; elapsed = 00:00:56 . Memory (MB): peak = 2050.680 ; gain = 1256.562
INFO: [Project 1-571] Translating synthesized netlist
Netlist sorting complete. Time (s): cpu = 00:00:00 ; elapsed = 00:00:00.004 . Memory (MB): peak = 2050.680 ; gain = 0.000
INFO: [Netlist 29-17] Analyzing 16 Unisim elements for replacement
INFO: [Netlist 29-28] Unisim Transformation completed in 0 CPU seconds
INFO: [Project 1-570] Preparing netlist for logic optimization
INFO: [Opt 31-138] Pushed 0 inverter(s) to 0 load pin(s).
Netlist sorting complete. Time (s): cpu = 00:00:00 ; elapsed = 00:00:00 . Memory (MB): peak = 2063.488 ; gain = 0.000
INFO: [Project 1-111] Unisim Transformation Summary:
No Unisim elements were transformed.

Synth Design complete | Checksum: a4426c02
INFO: [Common 17-83] Releasing license: Vivado_Synthesis
122 Infos, 0 Warnings, 0 Critical Warnings and 0 Errors encountered.
synth_design completed successfully
synth_design: Time (s): cpu = 00:00:56 ; elapsed = 00:01:04 . Memory (MB): peak = 2063.488 ; gain = 1422.957
Write ShapeDB Complete: Time (s): cpu = 00:00:00 ; elapsed = 00:00:00.001 . Memory (MB): peak = 2063.488 ; gain = 0.000
INFO: [Common 17-1381] The checkpoint 'C:/Projects/AmbitiousProjects/ILI9341Driver/driverSoC/driverSoC.runs/driverSystem_lmb_bram_0_synth_1/driverSystem_lmb_bram_0.dcp' has been generated.
INFO: [Ipptcl 7-1612] Added synthesis output to IP cache for IP driverSystem_lmb_bram_0, cache-ID = d85f10a79c9ee705
INFO: [Coretcl 2-1174] Renamed 36 cell refs.
Write ShapeDB Complete: Time (s): cpu = 00:00:00 ; elapsed = 00:00:00.001 . Memory (MB): peak = 2063.488 ; gain = 0.000
INFO: [Common 17-1381] The checkpoint 'C:/Projects/AmbitiousProjects/ILI9341Driver/driverSoC/driverSoC.runs/driverSystem_lmb_bram_0_synth_1/driverSystem_lmb_bram_0.dcp' has been generated.
INFO: [Vivado 12-24828] Executing command : report_utilization -file driverSystem_lmb_bram_0_utilization_synth.rpt -pb driverSystem_lmb_bram_0_utilization_synth.pb
INFO: [Common 17-206] Exiting Vivado at Sun Jul 26 14:41:17 2026...
